<html>
<body>
<pre>
<h1>µVision Build Log</h1>
<h2>Tool Versions:</h2>
IDE-Version: µVision V5.37.0.0
Copyright (C) 2022 ARM Ltd and ARM Germany GmbH. All rights reserved.
License Information: Vyacheslav Stepanov, TPU, LIC=----
 
Tool Versions:
Toolchain:       MDK-Lite  Version: 5.37.0.0
Toolchain Path:  C:\Keil_v5\ARM\ARMCLANG\Bin
C Compiler:      ArmClang.exe V6.18
Assembler:       Armasm.exe V6.18
Linker/Locator:  ArmLink.exe V6.18
Library Manager: ArmAr.exe V6.18
Hex Converter:   FromElf.exe V6.18
CPU DLL:         SARMCM3.DLL V5.37.0.0
Dialog DLL:      DARMSTM.DLL V1.69.1.0
Target DLL:      STLink\ST-LINKIII-KEIL_SWO.dll V3.0.9.0
Dialog DLL:      TCM.DLL V1.56.1.0
 
<h2>Project:</h2>
C:\Users\snego\Documents\STM32_alarm_clock\STM32_alarm_clock.uvprojx
Project File Date:  11/08/2024

<h2>Output:</h2>
*** Using Compiler 'V6.18', folder: 'C:\Keil_v5\ARM\ARMCLANG\Bin'
Build target 'Target 1'
main.c(2): warning: In file included from...
./SSD1306.h(4): warning: // comments are not allowed in this language [-Wcomment]
// <C0><E4><F0><E5><F1> <E4><E8><F1><EF><EB><E5><FF>
^
./SSD1306.h(28): warning: no newline at end of file [-Wnewline-eof]
void OLED_WriteTime(uint8_t hourTens, uint8_t hourUnits, uint8_t minuteTens, uint8_t minuteUnits, uint8_t mode, uint8_t highlightedNumber);
                                                                                                                                           ^
main.c(3): warning: In file included from...
./GPIO.h(13): warning: no newline at end of file [-Wnewline-eof]
void GPIO_Init (uint8_t ledPin, uint8_t button1Pin, uint8_t button2Pin, uint8_t button3Pin, uint8_t button4Pin);
                                                                                                                ^
main.c(5): warning: In file included from...
./timers.h(13): warning: no newline at end of file [-Wnewline-eof]
void TIM4_Init(void);
                     ^
main.c(22): warning: // comments are not allowed in this language [-Wcomment]
        RCC->CR |= ((uint32_t)RCC_CR_HSION);                     // Enable HSI
                                                                 ^
main.c(20): warning: no previous prototype for function 'SystemCoreClockConfigure' [-Wmissing-prototypes]
void SystemCoreClockConfigure(void) {
     ^
main.c(20): note: declare 'static' if the function is not intended to be used outside of this translation unit
void SystemCoreClockConfigure(void) {
^
static 
main.c(46): warning: no previous prototype for function 'updateScreen' [-Wmissing-prototypes]
void updateScreen(){
     ^
main.c(46): note: declare 'static' if the function is not intended to be used outside of this translation unit
void updateScreen(){
^
static 
main.c(46): warning: this old-style function definition is not preceded by a prototype [-Wstrict-prototypes]
void updateScreen(){
                 ^
main.c(59): warning: no previous prototype for function 'TIM3_IRQHandler' [-Wmissing-prototypes]
void TIM3_IRQHandler () {
     ^
main.c(59): note: declare 'static' if the function is not intended to be used outside of this translation unit
void TIM3_IRQHandler () {
^
static 
main.c(59): warning: this old-style function definition is not preceded by a prototype [-Wstrict-prototypes]
void TIM3_IRQHandler () {
                     ^
main.c(96): warning: implicit conversion loses integer precision: 'unsigned int' to 'uint8_t' (aka 'unsigned char') [-Wimplicit-int-conversion]
        clockTime.hours = totalSeconds / 3600;
                        ~ ~~~~~~~~~~~~~^~~~~~
main.c(87): warning: no previous prototype for function 'TIM4_IRQHandler' [-Wmissing-prototypes]
void TIM4_IRQHandler () {
     ^
main.c(87): note: declare 'static' if the function is not intended to be used outside of this translation unit
void TIM4_IRQHandler () {
^
static 
main.c(87): warning: this old-style function definition is not preceded by a prototype [-Wstrict-prototypes]
void TIM4_IRQHandler () {
                     ^
main.c(129): warning: no newline at end of file [-Wnewline-eof]
}
 ^
main.c(8): warning: no previous extern declaration for non-static variable 'highlightedNumber' [-Wmissing-variable-declarations]
uint8_t highlightedNumber;
        ^
main.c(8): note: declare 'static' if the variable is not intended to be used outside of this translation unit
uint8_t highlightedNumber;
^
main.c(9): warning: no previous extern declaration for non-static variable 'mode' [-Wmissing-variable-declarations]
uint8_t mode;
        ^
main.c(9): note: declare 'static' if the variable is not intended to be used outside of this translation unit
uint8_t mode;
^
main.c(10): warning: no previous extern declaration for non-static variable 'totalSeconds' [-Wmissing-variable-declarations]
uint32_t totalSeconds;
         ^
main.c(10): note: declare 'static' if the variable is not intended to be used outside of this translation unit
uint32_t totalSeconds;
^
main.c(17): warning: no previous extern declaration for non-static variable 'clockTime' [-Wmissing-variable-declarations]
struct time clockTime;
            ^
main.c(17): note: declare 'static' if the variable is not intended to be used outside of this translation unit
struct time clockTime;
^
main.c(18): warning: no previous extern declaration for non-static variable 'alarmTime' [-Wmissing-variable-declarations]
struct time alarmTime;
            ^
main.c(18): note: declare 'static' if the variable is not intended to be used outside of this translation unit
struct time alarmTime;
^
19 warnings generated.
compiling main.c...
linking...
Program Size: Code=4822 RO-data=286 RW-data=364 ZI-data=1904  
".\Objects\STM32_alarm_clock.axf" - 0 Error(s), 19 Warning(s).

<h2>Software Packages used:</h2>

Package Vendor: ARM
                http://www.keil.com/pack/ARM.CMSIS.5.9.0.pack
                ARM.CMSIS.5.9.0
                CMSIS (Common Microcontroller Software Interface Standard)
   * Component: CORE Version: 5.6.0

Package Vendor: Keil
                https://www.keil.com/pack/Keil.MDK-Middleware.7.15.0.pack
                Keil.MDK-Middleware.7.15.0
                Middleware for Keil MDK-Professional and MDK-Plus
   * Component: Buttons Version: 1.0.0
   * Component: LED Version: 1.0.0

Package Vendor: Keil
                https://www.keil.com/pack/Keil.STM32F1xx_DFP.2.4.1.pack
                Keil.STM32F1xx_DFP.2.4.1
                STMicroelectronics STM32F1 Series Device Support, Drivers and Examples
   * Component: Startup Version: 1.0.0

Package Vendor: Keil
                https://www.keil.com/pack/Keil.STM32NUCLEO_BSP.1.8.1.pack
                Keil.STM32NUCLEO_BSP.1.8.1
                STMicroelectronics Nucleo Boards Support and Examples
   * Component: Buttons Version: 1.0.0
   * Component: LED Version: 1.0.0

<h2>Collection of Component include folders:</h2>
  ./RTE/Device/STM32F103RB
  ./RTE/_Target_1
  C:/Users/snego/AppData/Local/Arm/Packs/ARM/CMSIS/5.9.0/CMSIS/Core/Include
  C:/Users/snego/AppData/Local/Arm/Packs/Keil/MDK-Middleware/7.15.0/Board
  C:/Users/snego/AppData/Local/Arm/Packs/Keil/STM32F1xx_DFP/2.4.1/Device/Include

<h2>Collection of Component Files used:</h2>

   * Component: ::Board Support:Buttons:1.0.0 (API)
      Include file:  Board/Board_Buttons.h

   * Component: ::Board Support:LED:1.0.0 (API)
      Include file:  Board/Board_LED.h

   * Component: ARM::CMSIS:CORE:5.6.0

   * Component: Keil.NUCLEO-F103RB::Board Support:Buttons:1.0.0
      Source file:   Boards/ST/NUCLEO-F103RB/Common/Buttons_NUCLEO_F103RB.c

   * Component: Keil.NUCLEO-F103RB::Board Support:LED:1.0.0
      Source file:   Boards/ST/NUCLEO-F103RB/Common/LED_NUCLEO_F103RB.c

   * Component: Keil::Device:Startup:1.0.0
      Source file:   Device/Source/ARM/startup_stm32f10x_md.s
      Source file:   Device/Source/system_stm32f10x.c
      Include file:  RTE_Driver/Config/RTE_Device.h
      Source file:   Device/Source/ARM/STM32F1xx_OPT.s
Build Time Elapsed:  00:00:01
</pre>
</body>
</html>
