Component: Arm Compiler for Embedded 6.18 Tool: armlink [5e4cc100]

==============================================================================

Section Cross References

    main.o(.ARM.exidx.text.SystemCoreClockConfigure) refers to main.o(.text.SystemCoreClockConfigure) for [Anonymous Symbol]
    main.o(.text.updateScreen) refers to main.o(.bss.mode) for mode
    main.o(.text.updateScreen) refers to main.o(.bss.alarmTime) for alarmTime
    main.o(.text.updateScreen) refers to main.o(.bss.highlightedNumber) for highlightedNumber
    main.o(.text.updateScreen) refers to ssd1306.o(.text.OLED_WriteTime) for OLED_WriteTime
    main.o(.text.updateScreen) refers to main.o(.bss.clockTime) for clockTime
    main.o(.ARM.exidx.text.updateScreen) refers to main.o(.text.updateScreen) for [Anonymous Symbol]
    main.o(.text.TIM3_IRQHandler) refers to main.o(.bss.mode) for mode
    main.o(.text.TIM3_IRQHandler) refers to main.o(.bss.totalSeconds) for totalSeconds
    main.o(.text.TIM3_IRQHandler) refers to main.o(.bss.clockTime) for clockTime
    main.o(.text.TIM3_IRQHandler) refers to main.o(.text.updateScreen) for updateScreen
    main.o(.ARM.exidx.text.TIM3_IRQHandler) refers to main.o(.text.TIM3_IRQHandler) for [Anonymous Symbol]
    main.o(.ARM.exidx.text.switchPin) refers to main.o(.text.switchPin) for [Anonymous Symbol]
    main.o(.text.TIM4_IRQHandler) refers to main.o(.bss.buzzer) for buzzer
    main.o(.text.TIM4_IRQHandler) refers to main.o(.data.LED_PIN) for LED_PIN
    main.o(.text.TIM4_IRQHandler) refers to main.o(.text.switchPin) for switchPin
    main.o(.ARM.exidx.text.TIM4_IRQHandler) refers to main.o(.text.TIM4_IRQHandler) for [Anonymous Symbol]
    main.o(.text.addTime) refers to main.o(.bss.clockTime) for clockTime
    main.o(.text.addTime) refers to main.o(.bss.totalSeconds) for totalSeconds
    main.o(.text.addTime) refers to main.o(.bss.alarmTime) for alarmTime
    main.o(.ARM.exidx.text.addTime) refers to main.o(.text.addTime) for [Anonymous Symbol]
    main.o(.text.main) refers to main.o(.text.SystemCoreClockConfigure) for SystemCoreClockConfigure
    main.o(.text.main) refers to system_stm32f10x.o(.text.SystemCoreClockUpdate) for SystemCoreClockUpdate
    main.o(.text.main) refers to system_stm32f10x.o(.data.SystemCoreClock) for SystemCoreClock
    main.o(.text.main) refers to main.o(.text.SysTick_Config) for SysTick_Config
    main.o(.text.main) refers to main.o(.bss.modeButton) for modeButton
    main.o(.text.main) refers to main.o(.data.BUTTON_1_PIN) for BUTTON_1_PIN
    main.o(.text.main) refers to main.o(.bss.highlightButton) for highlightButton
    main.o(.text.main) refers to main.o(.data.BUTTON_2_PIN) for BUTTON_2_PIN
    main.o(.text.main) refers to main.o(.bss.incNumberButton) for incNumberButton
    main.o(.text.main) refers to main.o(.data.BUTTON_3_PIN) for BUTTON_3_PIN
    main.o(.text.main) refers to main.o(.bss.stopAlarmButton) for stopAlarmButton
    main.o(.text.main) refers to main.o(.data.BUTTON_4_PIN) for BUTTON_4_PIN
    main.o(.text.main) refers to main.o(.data.LED_PIN) for LED_PIN
    main.o(.text.main) refers to gpio.o(.text.GPIO_Init) for GPIO_Init
    main.o(.text.main) refers to i2c.o(.text.I2C_Init) for I2C_Init
    main.o(.text.main) refers to ssd1306.o(.text.OLED_Init) for OLED_Init
    main.o(.text.main) refers to timers.o(.text.TIM3_Init) for TIM3_Init
    main.o(.text.main) refers to timers.o(.text.TIM4_Init) for TIM4_Init
    main.o(.text.main) refers to main.o(.text.switchPin) for switchPin
    main.o(.text.main) refers to main.o(.bss.mode) for mode
    main.o(.text.main) refers to main.o(.bss.highlightedNumber) for highlightedNumber
    main.o(.text.main) refers to main.o(.text.updateScreen) for updateScreen
    main.o(.text.main) refers to main.o(.bss.buzzer) for buzzer
    main.o(.text.main) refers to main.o(.bss.clockTime) for clockTime
    main.o(.text.main) refers to main.o(.bss.alarmTime) for alarmTime
    main.o(.text.main) refers to main.o(.bss.alarmSet) for alarmSet
    main.o(.text.main) refers to main.o(.text.addTime) for addTime
    main.o(.ARM.exidx.text.main) refers to main.o(.text.main) for [Anonymous Symbol]
    main.o(.text.SysTick_Config) refers to main.o(.text.__NVIC_SetPriority) for __NVIC_SetPriority
    main.o(.ARM.exidx.text.SysTick_Config) refers to main.o(.text.SysTick_Config) for [Anonymous Symbol]
    main.o(.ARM.exidx.text.__NVIC_SetPriority) refers to main.o(.text.__NVIC_SetPriority) for [Anonymous Symbol]
    buttons.o(.text.BUTTONS_DebounceHandler) refers to buttons.o(.bss.buttonCount) for buttonCount
    buttons.o(.ARM.exidx.text.BUTTONS_DebounceHandler) refers to buttons.o(.text.BUTTONS_DebounceHandler) for [Anonymous Symbol]
    gpio.o(.ARM.exidx.text.GPIO_EnablePinInput) refers to gpio.o(.text.GPIO_EnablePinInput) for [Anonymous Symbol]
    gpio.o(.ARM.exidx.text.GPIO_EnablePinOutput) refers to gpio.o(.text.GPIO_EnablePinOutput) for [Anonymous Symbol]
    gpio.o(.text.GPIO_Init) refers to gpio.o(.text.GPIO_EnablePinOutput) for GPIO_EnablePinOutput
    gpio.o(.text.GPIO_Init) refers to gpio.o(.text.GPIO_EnablePinInput) for GPIO_EnablePinInput
    gpio.o(.ARM.exidx.text.GPIO_Init) refers to gpio.o(.text.GPIO_Init) for [Anonymous Symbol]
    timers.o(.text.TIM3_Init) refers to system_stm32f10x.o(.data.SystemCoreClock) for SystemCoreClock
    timers.o(.text.TIM3_Init) refers to timers.o(.text.__NVIC_EnableIRQ) for __NVIC_EnableIRQ
    timers.o(.ARM.exidx.text.TIM3_Init) refers to timers.o(.text.TIM3_Init) for [Anonymous Symbol]
    timers.o(.ARM.exidx.text.__NVIC_EnableIRQ) refers to timers.o(.text.__NVIC_EnableIRQ) for [Anonymous Symbol]
    timers.o(.text.TIM4_Init) refers to system_stm32f10x.o(.data.SystemCoreClock) for SystemCoreClock
    timers.o(.text.TIM4_Init) refers to timers.o(.text.__NVIC_EnableIRQ) for __NVIC_EnableIRQ
    timers.o(.ARM.exidx.text.TIM4_Init) refers to timers.o(.text.TIM4_Init) for [Anonymous Symbol]
    ssd1306.o(.ARM.exidx.text.OLED_SendByte) refers to ssd1306.o(.text.OLED_SendByte) for [Anonymous Symbol]
    ssd1306.o(.text.OLED_Reset) refers to delay.o(.text.DelayMicro) for DelayMicro
    ssd1306.o(.ARM.exidx.text.OLED_Reset) refers to ssd1306.o(.text.OLED_Reset) for [Anonymous Symbol]
    ssd1306.o(.ARM.exidx.text.OLED_Clear) refers to ssd1306.o(.text.OLED_Clear) for [Anonymous Symbol]
    ssd1306.o(.text.OLED_Init) refers to ssd1306.o(.text.OLED_Reset) for OLED_Reset
    ssd1306.o(.text.OLED_Init) refers to ssd1306.o(.text.OLED_SendByte) for OLED_SendByte
    ssd1306.o(.text.OLED_Init) refers to ssd1306.o(.text.OLED_Clear) for OLED_Clear
    ssd1306.o(.ARM.exidx.text.OLED_Init) refers to ssd1306.o(.text.OLED_Init) for [Anonymous Symbol]
    ssd1306.o(.text.OLED_UpdateScreen) refers to ssd1306.o(.bss.modePanel) for modePanel
    ssd1306.o(.text.OLED_UpdateScreen) refers to ssd1306.o(.bss.highlightPanel) for highlightPanel
    ssd1306.o(.text.OLED_UpdateScreen) refers to ssd1306.o(.data.timePanel) for timePanel
    ssd1306.o(.ARM.exidx.text.OLED_UpdateScreen) refers to ssd1306.o(.text.OLED_UpdateScreen) for [Anonymous Symbol]
    ssd1306.o(.text.OLED_WriteInTimePanel) refers to ssd1306.o(.data.NUMBERS) for NUMBERS
    ssd1306.o(.text.OLED_WriteInTimePanel) refers to ssd1306.o(.data.timePanel) for timePanel
    ssd1306.o(.ARM.exidx.text.OLED_WriteInTimePanel) refers to ssd1306.o(.text.OLED_WriteInTimePanel) for [Anonymous Symbol]
    ssd1306.o(.text.OLED_WriteTime) refers to ssd1306.o(.text.OLED_WriteInTimePanel) for OLED_WriteInTimePanel
    ssd1306.o(.text.OLED_WriteTime) refers to ssd1306.o(.data.SET_TIME_MESSAGE) for SET_TIME_MESSAGE
    ssd1306.o(.text.OLED_WriteTime) refers to ssd1306.o(.bss.modePanel) for modePanel
    ssd1306.o(.text.OLED_WriteTime) refers to ssd1306.o(.data.SET_ALARM_MESSAGE) for SET_ALARM_MESSAGE
    ssd1306.o(.text.OLED_WriteTime) refers to ssd1306.o(.bss.highlightPanel) for highlightPanel
    ssd1306.o(.text.OLED_WriteTime) refers to ssd1306.o(.text.OLED_UpdateScreen) for OLED_UpdateScreen
    ssd1306.o(.ARM.exidx.text.OLED_WriteTime) refers to ssd1306.o(.text.OLED_WriteTime) for [Anonymous Symbol]
    i2c.o(.ARM.exidx.text.I2C_Init) refers to i2c.o(.text.I2C_Init) for [Anonymous Symbol]
    delay.o(.text.SysTick_Handler) refers to delay.o(.bss.msTicks) for msTicks
    delay.o(.ARM.exidx.text.SysTick_Handler) refers to delay.o(.text.SysTick_Handler) for [Anonymous Symbol]
    delay.o(.text.DelayMicro) refers to delay.o(.bss.msTicks) for msTicks
    delay.o(.ARM.exidx.text.DelayMicro) refers to delay.o(.text.DelayMicro) for [Anonymous Symbol]
    buttons_nucleo_f103rb.o(.ARM.exidx.text.Buttons_Initialize) refers to buttons_nucleo_f103rb.o(.text.Buttons_Initialize) for [Anonymous Symbol]
    buttons_nucleo_f103rb.o(.ARM.exidx.text.Buttons_Uninitialize) refers to buttons_nucleo_f103rb.o(.text.Buttons_Uninitialize) for [Anonymous Symbol]
    buttons_nucleo_f103rb.o(.ARM.exidx.text.Buttons_GetState) refers to buttons_nucleo_f103rb.o(.text.Buttons_GetState) for [Anonymous Symbol]
    buttons_nucleo_f103rb.o(.ARM.exidx.text.Buttons_GetCount) refers to buttons_nucleo_f103rb.o(.text.Buttons_GetCount) for [Anonymous Symbol]
    led_nucleo_f103rb.o(.ARM.exidx.text.LED_Initialize) refers to led_nucleo_f103rb.o(.text.LED_Initialize) for [Anonymous Symbol]
    led_nucleo_f103rb.o(.ARM.exidx.text.LED_Uninitialize) refers to led_nucleo_f103rb.o(.text.LED_Uninitialize) for [Anonymous Symbol]
    led_nucleo_f103rb.o(.text.LED_On) refers to led_nucleo_f103rb.o(.rodata.led_mask) for led_mask
    led_nucleo_f103rb.o(.ARM.exidx.text.LED_On) refers to led_nucleo_f103rb.o(.text.LED_On) for [Anonymous Symbol]
    led_nucleo_f103rb.o(.text.LED_Off) refers to led_nucleo_f103rb.o(.rodata.led_mask) for led_mask
    led_nucleo_f103rb.o(.ARM.exidx.text.LED_Off) refers to led_nucleo_f103rb.o(.text.LED_Off) for [Anonymous Symbol]
    led_nucleo_f103rb.o(.text.LED_SetOut) refers to led_nucleo_f103rb.o(.text.LED_On) for LED_On
    led_nucleo_f103rb.o(.text.LED_SetOut) refers to led_nucleo_f103rb.o(.text.LED_Off) for LED_Off
    led_nucleo_f103rb.o(.ARM.exidx.text.LED_SetOut) refers to led_nucleo_f103rb.o(.text.LED_SetOut) for [Anonymous Symbol]
    led_nucleo_f103rb.o(.ARM.exidx.text.LED_GetCount) refers to led_nucleo_f103rb.o(.text.LED_GetCount) for [Anonymous Symbol]
    startup_stm32f10x_md.o(STACK) refers (Special) to heapauxi.o(.text) for __use_two_region_memory
    startup_stm32f10x_md.o(HEAP) refers (Special) to heapauxi.o(.text) for __use_two_region_memory
    startup_stm32f10x_md.o(RESET) refers (Special) to heapauxi.o(.text) for __use_two_region_memory
    startup_stm32f10x_md.o(RESET) refers to startup_stm32f10x_md.o(STACK) for __initial_sp
    startup_stm32f10x_md.o(RESET) refers to startup_stm32f10x_md.o(.text) for Reset_Handler
    startup_stm32f10x_md.o(RESET) refers to delay.o(.text.SysTick_Handler) for SysTick_Handler
    startup_stm32f10x_md.o(RESET) refers to main.o(.text.TIM3_IRQHandler) for TIM3_IRQHandler
    startup_stm32f10x_md.o(RESET) refers to main.o(.text.TIM4_IRQHandler) for TIM4_IRQHandler
    startup_stm32f10x_md.o(.text) refers (Special) to heapauxi.o(.text) for __use_two_region_memory
    startup_stm32f10x_md.o(.text) refers to system_stm32f10x.o(.text.SystemInit) for SystemInit
    startup_stm32f10x_md.o(.text) refers to __main.o(!!!main) for __main
    startup_stm32f10x_md.o(.text) refers to startup_stm32f10x_md.o(HEAP) for Heap_Mem
    startup_stm32f10x_md.o(.text) refers to startup_stm32f10x_md.o(STACK) for Stack_Mem
    system_stm32f10x.o(.text.SystemInit) refers to system_stm32f10x.o(.text.SetSysClock) for SetSysClock
    system_stm32f10x.o(.ARM.exidx.text.SystemInit) refers to system_stm32f10x.o(.text.SystemInit) for [Anonymous Symbol]
    system_stm32f10x.o(.text.SetSysClock) refers to system_stm32f10x.o(.text.SetSysClockTo72) for SetSysClockTo72
    system_stm32f10x.o(.ARM.exidx.text.SetSysClock) refers to system_stm32f10x.o(.text.SetSysClock) for [Anonymous Symbol]
    system_stm32f10x.o(.text.SystemCoreClockUpdate) refers to system_stm32f10x.o(.data.SystemCoreClock) for SystemCoreClock
    system_stm32f10x.o(.text.SystemCoreClockUpdate) refers to system_stm32f10x.o(.rodata.AHBPrescTable) for AHBPrescTable
    system_stm32f10x.o(.ARM.exidx.text.SystemCoreClockUpdate) refers to system_stm32f10x.o(.text.SystemCoreClockUpdate) for [Anonymous Symbol]
    system_stm32f10x.o(.ARM.exidx.text.SetSysClockTo72) refers to system_stm32f10x.o(.text.SetSysClockTo72) for [Anonymous Symbol]
    __main.o(!!!main) refers to __rtentry.o(.ARM.Collect$$rtentry$$00000000) for __rt_entry
    __rtentry.o(.ARM.Collect$$rtentry$$00000000) refers (Special) to __rtentry2.o(.ARM.Collect$$rtentry$$0000000A) for __rt_entry_li
    __rtentry.o(.ARM.Collect$$rtentry$$00000000) refers (Special) to __rtentry2.o(.ARM.Collect$$rtentry$$0000000D) for __rt_entry_main
    __rtentry.o(.ARM.Collect$$rtentry$$00000000) refers (Special) to __rtentry2.o(.ARM.Collect$$rtentry$$0000000C) for __rt_entry_postli_1
    __rtentry.o(.ARM.Collect$$rtentry$$00000000) refers (Special) to __rtentry2.o(.ARM.Collect$$rtentry$$00000009) for __rt_entry_postsh_1
    __rtentry.o(.ARM.Collect$$rtentry$$00000000) refers (Special) to __rtentry2.o(.ARM.Collect$$rtentry$$00000002) for __rt_entry_presh_1
    __rtentry.o(.ARM.Collect$$rtentry$$00000000) refers (Special) to __rtentry4.o(.ARM.Collect$$rtentry$$00000004) for __rt_entry_sh
    __rtentry2.o(.ARM.Collect$$rtentry$$00000008) refers to boardinit2.o(.text) for _platform_post_stackheap_init
    __rtentry2.o(.ARM.Collect$$rtentry$$0000000A) refers to libinit.o(.ARM.Collect$$libinit$$00000000) for __rt_lib_init
    __rtentry2.o(.ARM.Collect$$rtentry$$0000000B) refers to boardinit3.o(.text) for _platform_post_lib_init
    __rtentry2.o(.ARM.Collect$$rtentry$$0000000D) refers to main.o(.text.main) for main
    __rtentry2.o(.ARM.Collect$$rtentry$$0000000D) refers to exit.o(.text) for exit
    __rtentry2.o(.ARM.exidx) refers to __rtentry2.o(.ARM.Collect$$rtentry$$00000001) for .ARM.Collect$$rtentry$$00000001
    __rtentry2.o(.ARM.exidx) refers to __rtentry2.o(.ARM.Collect$$rtentry$$00000008) for .ARM.Collect$$rtentry$$00000008
    __rtentry2.o(.ARM.exidx) refers to __rtentry2.o(.ARM.Collect$$rtentry$$0000000A) for .ARM.Collect$$rtentry$$0000000A
    __rtentry2.o(.ARM.exidx) refers to __rtentry2.o(.ARM.Collect$$rtentry$$0000000B) for .ARM.Collect$$rtentry$$0000000B
    __rtentry2.o(.ARM.exidx) refers to __rtentry2.o(.ARM.Collect$$rtentry$$0000000D) for .ARM.Collect$$rtentry$$0000000D
    __rtentry4.o(.ARM.Collect$$rtentry$$00000004) refers to sys_stackheap_outer.o(.text) for __user_setup_stackheap
    __rtentry4.o(.ARM.exidx) refers to __rtentry4.o(.ARM.Collect$$rtentry$$00000004) for .ARM.Collect$$rtentry$$00000004
    sys_stackheap_outer.o(.text) refers to libspace.o(.text) for __user_perproc_libspace
    sys_stackheap_outer.o(.text) refers to startup_stm32f10x_md.o(.text) for __user_initial_stackheap
    exit.o(.text) refers to rtexit.o(.ARM.Collect$$rtexit$$00000000) for __rt_exit
    libinit.o(.ARM.Collect$$libinit$$00000000) refers (Special) to libinit2.o(.ARM.Collect$$libinit$$00000030) for __rt_lib_init_alloca_1
    libinit.o(.ARM.Collect$$libinit$$00000000) refers (Special) to libinit2.o(.ARM.Collect$$libinit$$0000002E) for __rt_lib_init_argv_1
    libinit.o(.ARM.Collect$$libinit$$00000000) refers (Special) to libinit2.o(.ARM.Collect$$libinit$$0000001D) for __rt_lib_init_atexit_1
    libinit.o(.ARM.Collect$$libinit$$00000000) refers (Special) to libinit2.o(.ARM.Collect$$libinit$$00000023) for __rt_lib_init_clock_1
    libinit.o(.ARM.Collect$$libinit$$00000000) refers (Special) to libinit2.o(.ARM.Collect$$libinit$$00000034) for __rt_lib_init_cpp_1
    libinit.o(.ARM.Collect$$libinit$$00000000) refers (Special) to libinit2.o(.ARM.Collect$$libinit$$00000032) for __rt_lib_init_exceptions_1
    libinit.o(.ARM.Collect$$libinit$$00000000) refers (Special) to libinit2.o(.ARM.Collect$$libinit$$00000002) for __rt_lib_init_fp_1
    libinit.o(.ARM.Collect$$libinit$$00000000) refers (Special) to libinit2.o(.ARM.Collect$$libinit$$00000021) for __rt_lib_init_fp_trap_1
    libinit.o(.ARM.Collect$$libinit$$00000000) refers (Special) to libinit2.o(.ARM.Collect$$libinit$$00000025) for __rt_lib_init_getenv_1
    libinit.o(.ARM.Collect$$libinit$$00000000) refers (Special) to libinit2.o(.ARM.Collect$$libinit$$0000000C) for __rt_lib_init_heap_1
    libinit.o(.ARM.Collect$$libinit$$00000000) refers (Special) to libinit2.o(.ARM.Collect$$libinit$$00000013) for __rt_lib_init_lc_collate_1
    libinit.o(.ARM.Collect$$libinit$$00000000) refers (Special) to libinit2.o(.ARM.Collect$$libinit$$00000015) for __rt_lib_init_lc_ctype_1
    libinit.o(.ARM.Collect$$libinit$$00000000) refers (Special) to libinit2.o(.ARM.Collect$$libinit$$00000017) for __rt_lib_init_lc_monetary_1
    libinit.o(.ARM.Collect$$libinit$$00000000) refers (Special) to libinit2.o(.ARM.Collect$$libinit$$00000019) for __rt_lib_init_lc_numeric_1
    libinit.o(.ARM.Collect$$libinit$$00000000) refers (Special) to libinit2.o(.ARM.Collect$$libinit$$0000001B) for __rt_lib_init_lc_time_1
    libinit.o(.ARM.Collect$$libinit$$00000000) refers (Special) to libinit2.o(.ARM.Collect$$libinit$$00000006) for __rt_lib_init_preinit_1
    libinit.o(.ARM.Collect$$libinit$$00000000) refers (Special) to libinit2.o(.ARM.Collect$$libinit$$00000010) for __rt_lib_init_rand_1
    libinit.o(.ARM.Collect$$libinit$$00000000) refers (Special) to libinit2.o(.ARM.Collect$$libinit$$00000004) for __rt_lib_init_relocate_pie_1
    libinit.o(.ARM.Collect$$libinit$$00000000) refers (Special) to libinit2.o(.ARM.Collect$$libinit$$00000035) for __rt_lib_init_return
    libinit.o(.ARM.Collect$$libinit$$00000000) refers (Special) to libinit2.o(.ARM.Collect$$libinit$$0000001F) for __rt_lib_init_signal_1
    libinit.o(.ARM.Collect$$libinit$$00000000) refers (Special) to libinit2.o(.ARM.Collect$$libinit$$00000027) for __rt_lib_init_stdio_1
    libinit.o(.ARM.Collect$$libinit$$00000000) refers (Special) to libinit2.o(.ARM.Collect$$libinit$$0000000E) for __rt_lib_init_user_alloc_1
    libspace.o(.text) refers to libspace.o(.bss) for __libspace_start
    rtexit.o(.ARM.Collect$$rtexit$$00000000) refers (Special) to rtexit2.o(.ARM.Collect$$rtexit$$00000004) for __rt_exit_exit
    rtexit.o(.ARM.Collect$$rtexit$$00000000) refers (Special) to rtexit2.o(.ARM.Collect$$rtexit$$00000003) for __rt_exit_ls
    rtexit.o(.ARM.Collect$$rtexit$$00000000) refers (Special) to rtexit2.o(.ARM.Collect$$rtexit$$00000002) for __rt_exit_prels_1
    rtexit.o(.ARM.exidx) refers (Special) to rtexit2.o(.ARM.Collect$$rtexit$$00000004) for __rt_exit_exit
    rtexit.o(.ARM.exidx) refers (Special) to rtexit2.o(.ARM.Collect$$rtexit$$00000003) for __rt_exit_ls
    rtexit.o(.ARM.exidx) refers (Special) to rtexit2.o(.ARM.Collect$$rtexit$$00000002) for __rt_exit_prels_1
    rtexit.o(.ARM.exidx) refers to rtexit.o(.ARM.Collect$$rtexit$$00000000) for .ARM.Collect$$rtexit$$00000000
    libinit2.o(.ARM.Collect$$libinit$$00000012) refers to libinit2.o(.ARM.Collect$$libinit$$00000011) for .ARM.Collect$$libinit$$00000011
    libinit2.o(.ARM.Collect$$libinit$$00000014) refers to libinit2.o(.ARM.Collect$$libinit$$00000011) for .ARM.Collect$$libinit$$00000011
    libinit2.o(.ARM.Collect$$libinit$$00000016) refers to libinit2.o(.ARM.Collect$$libinit$$00000011) for .ARM.Collect$$libinit$$00000011
    libinit2.o(.ARM.Collect$$libinit$$00000018) refers to libinit2.o(.ARM.Collect$$libinit$$00000011) for .ARM.Collect$$libinit$$00000011
    libinit2.o(.ARM.Collect$$libinit$$0000001A) refers to libinit2.o(.ARM.Collect$$libinit$$00000011) for .ARM.Collect$$libinit$$00000011
    libinit2.o(.ARM.Collect$$libinit$$00000028) refers to argv_veneer.o(.emb_text) for __ARM_argv_veneer
    libinit2.o(.ARM.Collect$$libinit$$00000029) refers to argv_veneer.o(.emb_text) for __ARM_argv_veneer
    rtexit2.o(.ARM.Collect$$rtexit$$00000003) refers to libshutdown.o(.ARM.Collect$$libshutdown$$00000000) for __rt_lib_shutdown
    rtexit2.o(.ARM.Collect$$rtexit$$00000004) refers to sys_exit.o(.text) for _sys_exit
    rtexit2.o(.ARM.exidx) refers to rtexit2.o(.ARM.Collect$$rtexit$$00000001) for .ARM.Collect$$rtexit$$00000001
    rtexit2.o(.ARM.exidx) refers to rtexit2.o(.ARM.Collect$$rtexit$$00000003) for .ARM.Collect$$rtexit$$00000003
    rtexit2.o(.ARM.exidx) refers to rtexit2.o(.ARM.Collect$$rtexit$$00000004) for .ARM.Collect$$rtexit$$00000004
    argv_veneer.o(.emb_text) refers to no_argv.o(.text) for __ARM_get_argv
    sys_exit.o(.text) refers (Special) to use_no_semi.o(.text) for __I$use$semihosting
    sys_exit.o(.text) refers (Special) to indicate_semi.o(.text) for __semihosting_library_function
    sys_exit_hlt.o(.text) refers (Special) to use_no_semi.o(.text) for __I$use$semihosting
    sys_exit_hlt.o(.text) refers (Special) to indicate_semi.o(.text) for __semihosting_library_function
    _get_argv_nomalloc.o(.text) refers (Special) to hrguard.o(.text) for __heap_region$guard
    _get_argv_nomalloc.o(.text) refers to defsig_rtmem_outer.o(.text) for __rt_SIGRTMEM
    _get_argv_nomalloc.o(.text) refers to sys_command.o(.text) for _sys_command_string
    libshutdown.o(.ARM.Collect$$libshutdown$$00000000) refers (Special) to libshutdown2.o(.ARM.Collect$$libshutdown$$00000002) for __rt_lib_shutdown_cpp_1
    libshutdown.o(.ARM.Collect$$libshutdown$$00000000) refers (Special) to libshutdown2.o(.ARM.Collect$$libshutdown$$00000007) for __rt_lib_shutdown_fp_trap_1
    libshutdown.o(.ARM.Collect$$libshutdown$$00000000) refers (Special) to libshutdown2.o(.ARM.Collect$$libshutdown$$0000000F) for __rt_lib_shutdown_heap_1
    libshutdown.o(.ARM.Collect$$libshutdown$$00000000) refers (Special) to libshutdown2.o(.ARM.Collect$$libshutdown$$00000010) for __rt_lib_shutdown_return
    libshutdown.o(.ARM.Collect$$libshutdown$$00000000) refers (Special) to libshutdown2.o(.ARM.Collect$$libshutdown$$0000000A) for __rt_lib_shutdown_signal_1
    libshutdown.o(.ARM.Collect$$libshutdown$$00000000) refers (Special) to libshutdown2.o(.ARM.Collect$$libshutdown$$00000004) for __rt_lib_shutdown_stdio_1
    libshutdown.o(.ARM.Collect$$libshutdown$$00000000) refers (Special) to libshutdown2.o(.ARM.Collect$$libshutdown$$0000000C) for __rt_lib_shutdown_user_alloc_1
    sys_command.o(.text) refers (Special) to use_no_semi.o(.text) for __I$use$semihosting
    sys_command.o(.text) refers (Special) to indicate_semi.o(.text) for __semihosting_library_function
    sys_command_hlt.o(.text) refers (Special) to use_no_semi.o(.text) for __I$use$semihosting
    sys_command_hlt.o(.text) refers (Special) to indicate_semi.o(.text) for __semihosting_library_function
    defsig_rtmem_outer.o(.text) refers to defsig_rtmem_inner.o(.text) for __rt_SIGRTMEM_inner
    defsig_rtmem_outer.o(.text) refers to defsig_exit.o(.text) for __sig_exit
    defsig_rtmem_formal.o(.text) refers to rt_raise.o(.text) for __rt_raise
    rt_raise.o(.text) refers to __raise.o(.text) for __raise
    rt_raise.o(.text) refers to sys_exit.o(.text) for _sys_exit
    defsig_exit.o(.text) refers to sys_exit.o(.text) for _sys_exit
    defsig_rtmem_inner.o(.text) refers to defsig_general.o(.text) for __default_signal_display
    __raise.o(.text) refers to defsig.o(CL$$defsig) for __default_signal_handler
    defsig_general.o(.text) refers to sys_wrch.o(.text) for _ttywrch
    sys_wrch.o(.text) refers (Special) to use_no_semi.o(.text) for __I$use$semihosting
    sys_wrch.o(.text) refers (Special) to indicate_semi.o(.text) for __semihosting_library_function
    sys_wrch_hlt.o(.text) refers (Special) to use_no_semi.o(.text) for __I$use$semihosting
    sys_wrch_hlt.o(.text) refers (Special) to indicate_semi.o(.text) for __semihosting_library_function
    defsig.o(CL$$defsig) refers to defsig_rtmem_inner.o(.text) for __rt_SIGRTMEM_inner
    defsig_abrt_inner.o(.text) refers to defsig_general.o(.text) for __default_signal_display
    defsig_fpe_inner.o(.text) refers to defsig_general.o(.text) for __default_signal_display
    defsig_rtred_inner.o(.text) refers to defsig_general.o(.text) for __default_signal_display
    defsig_stak_inner.o(.text) refers to defsig_general.o(.text) for __default_signal_display
    defsig_pvfn_inner.o(.text) refers to defsig_general.o(.text) for __default_signal_display
    defsig_cppl_inner.o(.text) refers to defsig_general.o(.text) for __default_signal_display
    defsig_segv_inner.o(.text) refers to defsig_general.o(.text) for __default_signal_display
    defsig_other.o(.text) refers to defsig_general.o(.text) for __default_signal_display


==============================================================================

Removing Unused input sections from the image.

    Removing main.o(.text), (0 bytes).
    Removing main.o(.ARM.exidx.text.SystemCoreClockConfigure), (8 bytes).
    Removing main.o(.ARM.exidx.text.updateScreen), (8 bytes).
    Removing main.o(.ARM.exidx.text.TIM3_IRQHandler), (8 bytes).
    Removing main.o(.ARM.exidx.text.switchPin), (8 bytes).
    Removing main.o(.ARM.exidx.text.TIM4_IRQHandler), (8 bytes).
    Removing main.o(.ARM.exidx.text.addTime), (8 bytes).
    Removing main.o(.ARM.exidx.text.main), (8 bytes).
    Removing main.o(.ARM.exidx.text.SysTick_Config), (8 bytes).
    Removing main.o(.ARM.exidx.text.__NVIC_SetPriority), (8 bytes).
    Removing main.o(.ARM.use_no_argv), (4 bytes).
    Removing buttons.o(.text), (0 bytes).
    Removing buttons.o(.text.BUTTONS_DebounceHandler), (172 bytes).
    Removing buttons.o(.ARM.exidx.text.BUTTONS_DebounceHandler), (8 bytes).
    Removing buttons.o(.bss.buttonCount), (16 bytes).
    Removing gpio.o(.text), (0 bytes).
    Removing gpio.o(.ARM.exidx.text.GPIO_EnablePinInput), (8 bytes).
    Removing gpio.o(.ARM.exidx.text.GPIO_EnablePinOutput), (8 bytes).
    Removing gpio.o(.ARM.exidx.text.GPIO_Init), (8 bytes).
    Removing timers.o(.text), (0 bytes).
    Removing timers.o(.ARM.exidx.text.TIM3_Init), (8 bytes).
    Removing timers.o(.ARM.exidx.text.__NVIC_EnableIRQ), (8 bytes).
    Removing timers.o(.ARM.exidx.text.TIM4_Init), (8 bytes).
    Removing ssd1306.o(.text), (0 bytes).
    Removing ssd1306.o(.ARM.exidx.text.OLED_SendByte), (8 bytes).
    Removing ssd1306.o(.ARM.exidx.text.OLED_Reset), (8 bytes).
    Removing ssd1306.o(.ARM.exidx.text.OLED_Clear), (8 bytes).
    Removing ssd1306.o(.ARM.exidx.text.OLED_Init), (8 bytes).
    Removing ssd1306.o(.ARM.exidx.text.OLED_UpdateScreen), (8 bytes).
    Removing ssd1306.o(.ARM.exidx.text.OLED_WriteInTimePanel), (8 bytes).
    Removing ssd1306.o(.ARM.exidx.text.OLED_WriteTime), (8 bytes).
    Removing ssd1306.o(.data.HIGHLIGHT_NUMBER), (24 bytes).
    Removing i2c.o(.text), (0 bytes).
    Removing i2c.o(.ARM.exidx.text.I2C_Init), (8 bytes).
    Removing delay.o(.text), (0 bytes).
    Removing delay.o(.ARM.exidx.text.SysTick_Handler), (8 bytes).
    Removing delay.o(.ARM.exidx.text.DelayMicro), (8 bytes).
    Removing buttons_nucleo_f103rb.o(.text), (0 bytes).
    Removing buttons_nucleo_f103rb.o(.text.Buttons_Initialize), (44 bytes).
    Removing buttons_nucleo_f103rb.o(.ARM.exidx.text.Buttons_Initialize), (8 bytes).
    Removing buttons_nucleo_f103rb.o(.text.Buttons_Uninitialize), (20 bytes).
    Removing buttons_nucleo_f103rb.o(.ARM.exidx.text.Buttons_Uninitialize), (8 bytes).
    Removing buttons_nucleo_f103rb.o(.text.Buttons_GetState), (40 bytes).
    Removing buttons_nucleo_f103rb.o(.ARM.exidx.text.Buttons_GetState), (8 bytes).
    Removing buttons_nucleo_f103rb.o(.text.Buttons_GetCount), (4 bytes).
    Removing buttons_nucleo_f103rb.o(.ARM.exidx.text.Buttons_GetCount), (8 bytes).
    Removing led_nucleo_f103rb.o(.text), (0 bytes).
    Removing led_nucleo_f103rb.o(.text.LED_Initialize), (44 bytes).
    Removing led_nucleo_f103rb.o(.ARM.exidx.text.LED_Initialize), (8 bytes).
    Removing led_nucleo_f103rb.o(.text.LED_Uninitialize), (4 bytes).
    Removing led_nucleo_f103rb.o(.ARM.exidx.text.LED_Uninitialize), (8 bytes).
    Removing led_nucleo_f103rb.o(.text.LED_On), (54 bytes).
    Removing led_nucleo_f103rb.o(.ARM.exidx.text.LED_On), (8 bytes).
    Removing led_nucleo_f103rb.o(.text.LED_Off), (56 bytes).
    Removing led_nucleo_f103rb.o(.ARM.exidx.text.LED_Off), (8 bytes).
    Removing led_nucleo_f103rb.o(.text.LED_SetOut), (64 bytes).
    Removing led_nucleo_f103rb.o(.ARM.exidx.text.LED_SetOut), (8 bytes).
    Removing led_nucleo_f103rb.o(.text.LED_GetCount), (4 bytes).
    Removing led_nucleo_f103rb.o(.ARM.exidx.text.LED_GetCount), (8 bytes).
    Removing led_nucleo_f103rb.o(.rodata.led_mask), (4 bytes).
    Removing system_stm32f10x.o(.text), (0 bytes).
    Removing system_stm32f10x.o(.ARM.exidx.text.SystemInit), (8 bytes).
    Removing system_stm32f10x.o(.ARM.exidx.text.SetSysClock), (8 bytes).
    Removing system_stm32f10x.o(.ARM.exidx.text.SystemCoreClockUpdate), (8 bytes).
    Removing system_stm32f10x.o(.ARM.exidx.text.SetSysClockTo72), (8 bytes).

65 unused section(s) (total 874 bytes) removed from the image.

==============================================================================

Image Symbol Table

    Local Symbols

    Symbol Name                              Value     Ov Type        Size  Object(Section)

    ../clib/angel/boardlib.s                 0x00000000   Number         0  boardinit1.o ABSOLUTE
    ../clib/angel/boardlib.s                 0x00000000   Number         0  boardinit2.o ABSOLUTE
    ../clib/angel/boardlib.s                 0x00000000   Number         0  boardinit3.o ABSOLUTE
    ../clib/angel/boardlib.s                 0x00000000   Number         0  boardshut.o ABSOLUTE
    ../clib/angel/dczerorl2.s                0x00000000   Number         0  __dczerorl2.o ABSOLUTE
    ../clib/angel/handlers.s                 0x00000000   Number         0  __scatter_zi.o ABSOLUTE
    ../clib/angel/kernel.s                   0x00000000   Number         0  __rtentry.o ABSOLUTE
    ../clib/angel/kernel.s                   0x00000000   Number         0  __rtentry2.o ABSOLUTE
    ../clib/angel/kernel.s                   0x00000000   Number         0  __rtentry4.o ABSOLUTE
    ../clib/angel/kernel.s                   0x00000000   Number         0  rtexit.o ABSOLUTE
    ../clib/angel/kernel.s                   0x00000000   Number         0  rtexit2.o ABSOLUTE
    ../clib/angel/rt.s                       0x00000000   Number         0  rt_raise.o ABSOLUTE
    ../clib/angel/scatter.s                  0x00000000   Number         0  __scatter.o ABSOLUTE
    ../clib/angel/startup.s                  0x00000000   Number         0  __main.o ABSOLUTE
    ../clib/angel/sys.s                      0x00000000   Number         0  sys_stackheap_outer.o ABSOLUTE
    ../clib/angel/sys.s                      0x00000000   Number         0  libspace.o ABSOLUTE
    ../clib/angel/sys.s                      0x00000000   Number         0  use_no_semi.o ABSOLUTE
    ../clib/angel/sys.s                      0x00000000   Number         0  indicate_semi.o ABSOLUTE
    ../clib/angel/sysapp.c                   0x00000000   Number         0  sys_exit.o ABSOLUTE
    ../clib/angel/sysapp.c                   0x00000000   Number         0  sys_exit_hlt.o ABSOLUTE
    ../clib/angel/sysapp.c                   0x00000000   Number         0  sys_command.o ABSOLUTE
    ../clib/angel/sysapp.c                   0x00000000   Number         0  sys_command_hlt.o ABSOLUTE
    ../clib/angel/sysapp.c                   0x00000000   Number         0  sys_wrch.o ABSOLUTE
    ../clib/angel/sysapp.c                   0x00000000   Number         0  sys_wrch_hlt.o ABSOLUTE
    ../clib/armsys.c                         0x00000000   Number         0  argv_veneer.o ABSOLUTE
    ../clib/armsys.c                         0x00000000   Number         0  argv_veneer.o ABSOLUTE
    ../clib/armsys.c                         0x00000000   Number         0  _get_argv_nomalloc.o ABSOLUTE
    ../clib/armsys.c                         0x00000000   Number         0  no_argv.o ABSOLUTE
    ../clib/heapalloc.c                      0x00000000   Number         0  hrguard.o ABSOLUTE
    ../clib/heapaux.c                        0x00000000   Number         0  heapauxi.o ABSOLUTE
    ../clib/libinit.s                        0x00000000   Number         0  libinit.o ABSOLUTE
    ../clib/libinit.s                        0x00000000   Number         0  libinit2.o ABSOLUTE
    ../clib/libinit.s                        0x00000000   Number         0  libshutdown.o ABSOLUTE
    ../clib/libinit.s                        0x00000000   Number         0  libshutdown2.o ABSOLUTE
    ../clib/signal.c                         0x00000000   Number         0  defsig_rtmem_outer.o ABSOLUTE
    ../clib/signal.c                         0x00000000   Number         0  defsig_rtmem_formal.o ABSOLUTE
    ../clib/signal.c                         0x00000000   Number         0  defsig_exit.o ABSOLUTE
    ../clib/signal.c                         0x00000000   Number         0  defsig_rtmem_inner.o ABSOLUTE
    ../clib/signal.c                         0x00000000   Number         0  __raise.o ABSOLUTE
    ../clib/signal.c                         0x00000000   Number         0  defsig_general.o ABSOLUTE
    ../clib/signal.c                         0x00000000   Number         0  defsig_abrt_inner.o ABSOLUTE
    ../clib/signal.c                         0x00000000   Number         0  defsig_fpe_inner.o ABSOLUTE
    ../clib/signal.c                         0x00000000   Number         0  defsig_rtred_inner.o ABSOLUTE
    ../clib/signal.c                         0x00000000   Number         0  defsig_stak_inner.o ABSOLUTE
    ../clib/signal.c                         0x00000000   Number         0  defsig_pvfn_inner.o ABSOLUTE
    ../clib/signal.c                         0x00000000   Number         0  defsig_cppl_inner.o ABSOLUTE
    ../clib/signal.c                         0x00000000   Number         0  defsig_segv_inner.o ABSOLUTE
    ../clib/signal.c                         0x00000000   Number         0  defsig_other.o ABSOLUTE
    ../clib/signal.s                         0x00000000   Number         0  defsig.o ABSOLUTE
    ../clib/stdlib.c                         0x00000000   Number         0  exit.o ABSOLUTE
    ../fplib/fpinit.s                        0x00000000   Number         0  fpinit.o ABSOLUTE
    ../fplib/fpinit_empty.s                  0x00000000   Number         0  fpinit_empty.o ABSOLUTE
    Buttons_NUCLEO_F103RB.c                  0x00000000   Number         0  buttons_nucleo_f103rb.o ABSOLUTE
    GPIO.c                                   0x00000000   Number         0  gpio.o ABSOLUTE
    I2C.c                                    0x00000000   Number         0  i2c.o ABSOLUTE
    LED_NUCLEO_F103RB.c                      0x00000000   Number         0  led_nucleo_f103rb.o ABSOLUTE
    RTE/Device/STM32F103RB/startup_stm32f10x_md.s 0x00000000   Number         0  startup_stm32f10x_md.o ABSOLUTE
    SSD1306.c                                0x00000000   Number         0  ssd1306.o ABSOLUTE
    buttons.c                                0x00000000   Number         0  buttons.o ABSOLUTE
    dc.s                                     0x00000000   Number         0  dc.o ABSOLUTE
    delay.c                                  0x00000000   Number         0  delay.o ABSOLUTE
    main.c                                   0x00000000   Number         0  main.o ABSOLUTE
    system_stm32f10x.c                       0x00000000   Number         0  system_stm32f10x.o ABSOLUTE
    timers.c                                 0x00000000   Number         0  timers.o ABSOLUTE
    RESET                                    0x08000000   Section      236  startup_stm32f10x_md.o(RESET)
    !!!main                                  0x080000ec   Section        8  __main.o(!!!main)
    !!!scatter                               0x080000f4   Section       52  __scatter.o(!!!scatter)
    !!dczerorl2                              0x08000128   Section       90  __dczerorl2.o(!!dczerorl2)
    !!handler_zi                             0x08000184   Section       28  __scatter_zi.o(!!handler_zi)
    .ARM.Collect$$libinit$$00000000          0x080001a0   Section        2  libinit.o(.ARM.Collect$$libinit$$00000000)
    .ARM.Collect$$libinit$$00000002          0x080001a2   Section        0  libinit2.o(.ARM.Collect$$libinit$$00000002)
    .ARM.Collect$$libinit$$00000004          0x080001a2   Section        0  libinit2.o(.ARM.Collect$$libinit$$00000004)
    .ARM.Collect$$libinit$$00000006          0x080001a2   Section        0  libinit2.o(.ARM.Collect$$libinit$$00000006)
    .ARM.Collect$$libinit$$0000000C          0x080001a2   Section        0  libinit2.o(.ARM.Collect$$libinit$$0000000C)
    .ARM.Collect$$libinit$$0000000E          0x080001a2   Section        0  libinit2.o(.ARM.Collect$$libinit$$0000000E)
    .ARM.Collect$$libinit$$00000010          0x080001a2   Section        0  libinit2.o(.ARM.Collect$$libinit$$00000010)
    .ARM.Collect$$libinit$$00000013          0x080001a2   Section        0  libinit2.o(.ARM.Collect$$libinit$$00000013)
    .ARM.Collect$$libinit$$00000015          0x080001a2   Section        0  libinit2.o(.ARM.Collect$$libinit$$00000015)
    .ARM.Collect$$libinit$$00000017          0x080001a2   Section        0  libinit2.o(.ARM.Collect$$libinit$$00000017)
    .ARM.Collect$$libinit$$00000019          0x080001a2   Section        0  libinit2.o(.ARM.Collect$$libinit$$00000019)
    .ARM.Collect$$libinit$$0000001B          0x080001a2   Section        0  libinit2.o(.ARM.Collect$$libinit$$0000001B)
    .ARM.Collect$$libinit$$0000001D          0x080001a2   Section        0  libinit2.o(.ARM.Collect$$libinit$$0000001D)
    .ARM.Collect$$libinit$$0000001F          0x080001a2   Section        0  libinit2.o(.ARM.Collect$$libinit$$0000001F)
    .ARM.Collect$$libinit$$00000021          0x080001a2   Section        0  libinit2.o(.ARM.Collect$$libinit$$00000021)
    .ARM.Collect$$libinit$$00000023          0x080001a2   Section        0  libinit2.o(.ARM.Collect$$libinit$$00000023)
    .ARM.Collect$$libinit$$00000025          0x080001a2   Section        0  libinit2.o(.ARM.Collect$$libinit$$00000025)
    .ARM.Collect$$libinit$$00000027          0x080001a2   Section        0  libinit2.o(.ARM.Collect$$libinit$$00000027)
    .ARM.Collect$$libinit$$0000002E          0x080001a2   Section        0  libinit2.o(.ARM.Collect$$libinit$$0000002E)
    .ARM.Collect$$libinit$$00000030          0x080001a2   Section        0  libinit2.o(.ARM.Collect$$libinit$$00000030)
    .ARM.Collect$$libinit$$00000032          0x080001a2   Section        0  libinit2.o(.ARM.Collect$$libinit$$00000032)
    .ARM.Collect$$libinit$$00000034          0x080001a2   Section        0  libinit2.o(.ARM.Collect$$libinit$$00000034)
    .ARM.Collect$$libinit$$00000035          0x080001a2   Section        2  libinit2.o(.ARM.Collect$$libinit$$00000035)
    .ARM.Collect$$libshutdown$$00000000      0x080001a4   Section        2  libshutdown.o(.ARM.Collect$$libshutdown$$00000000)
    .ARM.Collect$$libshutdown$$00000002      0x080001a6   Section        0  libshutdown2.o(.ARM.Collect$$libshutdown$$00000002)
    .ARM.Collect$$libshutdown$$00000004      0x080001a6   Section        0  libshutdown2.o(.ARM.Collect$$libshutdown$$00000004)
    .ARM.Collect$$libshutdown$$00000007      0x080001a6   Section        0  libshutdown2.o(.ARM.Collect$$libshutdown$$00000007)
    .ARM.Collect$$libshutdown$$0000000A      0x080001a6   Section        0  libshutdown2.o(.ARM.Collect$$libshutdown$$0000000A)
    .ARM.Collect$$libshutdown$$0000000C      0x080001a6   Section        0  libshutdown2.o(.ARM.Collect$$libshutdown$$0000000C)
    .ARM.Collect$$libshutdown$$0000000F      0x080001a6   Section        0  libshutdown2.o(.ARM.Collect$$libshutdown$$0000000F)
    .ARM.Collect$$libshutdown$$00000010      0x080001a6   Section        2  libshutdown2.o(.ARM.Collect$$libshutdown$$00000010)
    .ARM.Collect$$rtentry$$00000000          0x080001a8   Section        0  __rtentry.o(.ARM.Collect$$rtentry$$00000000)
    .ARM.Collect$$rtentry$$00000002          0x080001a8   Section        0  __rtentry2.o(.ARM.Collect$$rtentry$$00000002)
    .ARM.Collect$$rtentry$$00000004          0x080001a8   Section        6  __rtentry4.o(.ARM.Collect$$rtentry$$00000004)
    .ARM.Collect$$rtentry$$00000009          0x080001ae   Section        0  __rtentry2.o(.ARM.Collect$$rtentry$$00000009)
    .ARM.Collect$$rtentry$$0000000A          0x080001ae   Section        4  __rtentry2.o(.ARM.Collect$$rtentry$$0000000A)
    .ARM.Collect$$rtentry$$0000000C          0x080001b2   Section        0  __rtentry2.o(.ARM.Collect$$rtentry$$0000000C)
    .ARM.Collect$$rtentry$$0000000D          0x080001b2   Section        8  __rtentry2.o(.ARM.Collect$$rtentry$$0000000D)
    .ARM.Collect$$rtexit$$00000000           0x080001ba   Section        2  rtexit.o(.ARM.Collect$$rtexit$$00000000)
    .ARM.Collect$$rtexit$$00000002           0x080001bc   Section        0  rtexit2.o(.ARM.Collect$$rtexit$$00000002)
    .ARM.Collect$$rtexit$$00000003           0x080001bc   Section        4  rtexit2.o(.ARM.Collect$$rtexit$$00000003)
    .ARM.Collect$$rtexit$$00000004           0x080001c0   Section        6  rtexit2.o(.ARM.Collect$$rtexit$$00000004)
    .text                                    0x080001c8   Section       64  startup_stm32f10x_md.o(.text)
    .text                                    0x08000208   Section        0  heapauxi.o(.text)
    .text                                    0x0800020e   Section       74  sys_stackheap_outer.o(.text)
    .text                                    0x08000258   Section        0  exit.o(.text)
    .text                                    0x0800026c   Section        8  libspace.o(.text)
    .text                                    0x08000274   Section        0  sys_exit.o(.text)
    .text                                    0x08000280   Section        2  use_no_semi.o(.text)
    .text                                    0x08000282   Section        0  indicate_semi.o(.text)
    [Anonymous Symbol]                       0x08000284   Section        0  delay.o(.text.DelayMicro)
    [Anonymous Symbol]                       0x080002b4   Section        0  gpio.o(.text.GPIO_EnablePinInput)
    [Anonymous Symbol]                       0x08000338   Section        0  gpio.o(.text.GPIO_EnablePinOutput)
    [Anonymous Symbol]                       0x080003b8   Section        0  gpio.o(.text.GPIO_Init)
    [Anonymous Symbol]                       0x08000448   Section        0  i2c.o(.text.I2C_Init)
    [Anonymous Symbol]                       0x08000518   Section        0  ssd1306.o(.text.OLED_Clear)
    [Anonymous Symbol]                       0x080005e8   Section        0  ssd1306.o(.text.OLED_Init)
    [Anonymous Symbol]                       0x0800066c   Section        0  ssd1306.o(.text.OLED_Reset)
    [Anonymous Symbol]                       0x080006d8   Section        0  ssd1306.o(.text.OLED_SendByte)
    [Anonymous Symbol]                       0x080007bc   Section        0  ssd1306.o(.text.OLED_UpdateScreen)
    [Anonymous Symbol]                       0x080009fc   Section        0  ssd1306.o(.text.OLED_WriteInTimePanel)
    [Anonymous Symbol]                       0x08000a7c   Section        0  ssd1306.o(.text.OLED_WriteTime)
    SetSysClock                              0x08000cc9   Thumb Code     8  system_stm32f10x.o(.text.SetSysClock)
    [Anonymous Symbol]                       0x08000cc8   Section        0  system_stm32f10x.o(.text.SetSysClock)
    SetSysClockTo72                          0x08000cd1   Thumb Code   290  system_stm32f10x.o(.text.SetSysClockTo72)
    [Anonymous Symbol]                       0x08000cd0   Section        0  system_stm32f10x.o(.text.SetSysClockTo72)
    SysTick_Config                           0x08000df5   Thumb Code    82  main.o(.text.SysTick_Config)
    [Anonymous Symbol]                       0x08000df4   Section        0  main.o(.text.SysTick_Config)
    [Anonymous Symbol]                       0x08000e48   Section        0  delay.o(.text.SysTick_Handler)
    [Anonymous Symbol]                       0x08000e58   Section        0  main.o(.text.SystemCoreClockConfigure)
    [Anonymous Symbol]                       0x08000f2c   Section        0  system_stm32f10x.o(.text.SystemCoreClockUpdate)
    [Anonymous Symbol]                       0x08001050   Section        0  system_stm32f10x.o(.text.SystemInit)
    [Anonymous Symbol]                       0x080010b8   Section        0  main.o(.text.TIM3_IRQHandler)
    [Anonymous Symbol]                       0x080011a4   Section        0  timers.o(.text.TIM3_Init)
    [Anonymous Symbol]                       0x08001218   Section        0  main.o(.text.TIM4_IRQHandler)
    [Anonymous Symbol]                       0x0800124c   Section        0  timers.o(.text.TIM4_Init)
    __NVIC_EnableIRQ                         0x080012bd   Thumb Code    48  timers.o(.text.__NVIC_EnableIRQ)
    [Anonymous Symbol]                       0x080012bc   Section        0  timers.o(.text.__NVIC_EnableIRQ)
    __NVIC_SetPriority                       0x080012ed   Thumb Code    66  main.o(.text.__NVIC_SetPriority)
    [Anonymous Symbol]                       0x080012ec   Section        0  main.o(.text.__NVIC_SetPriority)
    [Anonymous Symbol]                       0x08001330   Section        0  main.o(.text.addTime)
    [Anonymous Symbol]                       0x080015a0   Section        0  main.o(.text.main)
    [Anonymous Symbol]                       0x080018f4   Section        0  main.o(.text.switchPin)
    [Anonymous Symbol]                       0x08001940   Section        0  main.o(.text.updateScreen)
    .bss                                     0x20000170   Section       96  libspace.o(.bss)
    Heap_Mem                                 0x20000300   Data         512  startup_stm32f10x_md.o(HEAP)
    HEAP                                     0x20000300   Section      512  startup_stm32f10x_md.o(HEAP)
    Stack_Mem                                0x20000500   Data        1024  startup_stm32f10x_md.o(STACK)
    STACK                                    0x20000500   Section     1024  startup_stm32f10x_md.o(STACK)
    __initial_sp                             0x20000900   Data           0  startup_stm32f10x_md.o(STACK)

    Global Symbols

    Symbol Name                              Value     Ov Type        Size  Object(Section)

    BuildAttributes$$THM_ISAv4$P$D$K$B$S$PE$A:L22UL41UL21$X:L11$S22US41US21$IEEE1$IW$~IW$USESV6$~STKCKD$USESV7$~SHL$OSPACE$ROPI$EBA8$UX$STANDARDLIB$REQ8$PRES8$EABIv2 0x00000000   Number         0  anon$$obj.o ABSOLUTE
    __fp_init_empty                          0x00000000   Number         0  fpinit_empty.o ABSOLUTE
    __ARM_exceptions_init                     - Undefined Weak Reference
    __alloca_initialize                       - Undefined Weak Reference
    __arm_preinit_                            - Undefined Weak Reference
    __arm_relocate_pie_                       - Undefined Weak Reference
    __cpp_initialize__aeabi_                  - Undefined Weak Reference
    __cxa_finalize                            - Undefined Weak Reference
    __rt_locale                               - Undefined Weak Reference
    __sigvec_lookup                           - Undefined Weak Reference
    _atexit_init                              - Undefined Weak Reference
    _call_atexit_fns                          - Undefined Weak Reference
    _clock_init                               - Undefined Weak Reference
    _fp_trap_init                             - Undefined Weak Reference
    _fp_trap_shutdown                         - Undefined Weak Reference
    _get_lc_collate                           - Undefined Weak Reference
    _get_lc_ctype                             - Undefined Weak Reference
    _get_lc_monetary                          - Undefined Weak Reference
    _get_lc_numeric                           - Undefined Weak Reference
    _get_lc_time                              - Undefined Weak Reference
    _getenv_init                              - Undefined Weak Reference
    _handle_redirection                       - Undefined Weak Reference
    _init_alloc                               - Undefined Weak Reference
    _init_user_alloc                          - Undefined Weak Reference
    _initio                                   - Undefined Weak Reference
    _rand_init                                - Undefined Weak Reference
    _signal_finish                            - Undefined Weak Reference
    _signal_init                              - Undefined Weak Reference
    _terminate_alloc                          - Undefined Weak Reference
    _terminate_user_alloc                     - Undefined Weak Reference
    _terminateio                              - Undefined Weak Reference
    __Vectors_Size                           0x000000ec   Number         0  startup_stm32f10x_md.o ABSOLUTE
    __Vectors                                0x08000000   Data           4  startup_stm32f10x_md.o(RESET)
    __Vectors_End                            0x080000ec   Data           0  startup_stm32f10x_md.o(RESET)
    __main                                   0x080000ed   Thumb Code     8  __main.o(!!!main)
    __scatterload                            0x080000f5   Thumb Code     0  __scatter.o(!!!scatter)
    __scatterload_rt2                        0x080000f5   Thumb Code    44  __scatter.o(!!!scatter)
    __scatterload_rt2_thumb_only             0x080000f5   Thumb Code     0  __scatter.o(!!!scatter)
    __scatterload_null                       0x08000103   Thumb Code     0  __scatter.o(!!!scatter)
    __decompress                             0x08000129   Thumb Code    90  __dczerorl2.o(!!dczerorl2)
    __decompress1                            0x08000129   Thumb Code     0  __dczerorl2.o(!!dczerorl2)
    __scatterload_zeroinit                   0x08000185   Thumb Code    28  __scatter_zi.o(!!handler_zi)
    __rt_lib_init                            0x080001a1   Thumb Code     0  libinit.o(.ARM.Collect$$libinit$$00000000)
    __rt_lib_init_alloca_1                   0x080001a3   Thumb Code     0  libinit2.o(.ARM.Collect$$libinit$$00000030)
    __rt_lib_init_argv_1                     0x080001a3   Thumb Code     0  libinit2.o(.ARM.Collect$$libinit$$0000002E)
    __rt_lib_init_atexit_1                   0x080001a3   Thumb Code     0  libinit2.o(.ARM.Collect$$libinit$$0000001D)
    __rt_lib_init_clock_1                    0x080001a3   Thumb Code     0  libinit2.o(.ARM.Collect$$libinit$$00000023)
    __rt_lib_init_cpp_1                      0x080001a3   Thumb Code     0  libinit2.o(.ARM.Collect$$libinit$$00000034)
    __rt_lib_init_exceptions_1               0x080001a3   Thumb Code     0  libinit2.o(.ARM.Collect$$libinit$$00000032)
    __rt_lib_init_fp_1                       0x080001a3   Thumb Code     0  libinit2.o(.ARM.Collect$$libinit$$00000002)
    __rt_lib_init_fp_trap_1                  0x080001a3   Thumb Code     0  libinit2.o(.ARM.Collect$$libinit$$00000021)
    __rt_lib_init_getenv_1                   0x080001a3   Thumb Code     0  libinit2.o(.ARM.Collect$$libinit$$00000025)
    __rt_lib_init_heap_1                     0x080001a3   Thumb Code     0  libinit2.o(.ARM.Collect$$libinit$$0000000C)
    __rt_lib_init_lc_collate_1               0x080001a3   Thumb Code     0  libinit2.o(.ARM.Collect$$libinit$$00000013)
    __rt_lib_init_lc_ctype_1                 0x080001a3   Thumb Code     0  libinit2.o(.ARM.Collect$$libinit$$00000015)
    __rt_lib_init_lc_monetary_1              0x080001a3   Thumb Code     0  libinit2.o(.ARM.Collect$$libinit$$00000017)
    __rt_lib_init_lc_numeric_1               0x080001a3   Thumb Code     0  libinit2.o(.ARM.Collect$$libinit$$00000019)
    __rt_lib_init_lc_time_1                  0x080001a3   Thumb Code     0  libinit2.o(.ARM.Collect$$libinit$$0000001B)
    __rt_lib_init_preinit_1                  0x080001a3   Thumb Code     0  libinit2.o(.ARM.Collect$$libinit$$00000006)
    __rt_lib_init_rand_1                     0x080001a3   Thumb Code     0  libinit2.o(.ARM.Collect$$libinit$$00000010)
    __rt_lib_init_relocate_pie_1             0x080001a3   Thumb Code     0  libinit2.o(.ARM.Collect$$libinit$$00000004)
    __rt_lib_init_return                     0x080001a3   Thumb Code     0  libinit2.o(.ARM.Collect$$libinit$$00000035)
    __rt_lib_init_signal_1                   0x080001a3   Thumb Code     0  libinit2.o(.ARM.Collect$$libinit$$0000001F)
    __rt_lib_init_stdio_1                    0x080001a3   Thumb Code     0  libinit2.o(.ARM.Collect$$libinit$$00000027)
    __rt_lib_init_user_alloc_1               0x080001a3   Thumb Code     0  libinit2.o(.ARM.Collect$$libinit$$0000000E)
    __rt_lib_shutdown                        0x080001a5   Thumb Code     0  libshutdown.o(.ARM.Collect$$libshutdown$$00000000)
    __rt_lib_shutdown_cpp_1                  0x080001a7   Thumb Code     0  libshutdown2.o(.ARM.Collect$$libshutdown$$00000002)
    __rt_lib_shutdown_fp_trap_1              0x080001a7   Thumb Code     0  libshutdown2.o(.ARM.Collect$$libshutdown$$00000007)
    __rt_lib_shutdown_heap_1                 0x080001a7   Thumb Code     0  libshutdown2.o(.ARM.Collect$$libshutdown$$0000000F)
    __rt_lib_shutdown_return                 0x080001a7   Thumb Code     0  libshutdown2.o(.ARM.Collect$$libshutdown$$00000010)
    __rt_lib_shutdown_signal_1               0x080001a7   Thumb Code     0  libshutdown2.o(.ARM.Collect$$libshutdown$$0000000A)
    __rt_lib_shutdown_stdio_1                0x080001a7   Thumb Code     0  libshutdown2.o(.ARM.Collect$$libshutdown$$00000004)
    __rt_lib_shutdown_user_alloc_1           0x080001a7   Thumb Code     0  libshutdown2.o(.ARM.Collect$$libshutdown$$0000000C)
    __rt_entry                               0x080001a9   Thumb Code     0  __rtentry.o(.ARM.Collect$$rtentry$$00000000)
    __rt_entry_presh_1                       0x080001a9   Thumb Code     0  __rtentry2.o(.ARM.Collect$$rtentry$$00000002)
    __rt_entry_sh                            0x080001a9   Thumb Code     0  __rtentry4.o(.ARM.Collect$$rtentry$$00000004)
    __rt_entry_li                            0x080001af   Thumb Code     0  __rtentry2.o(.ARM.Collect$$rtentry$$0000000A)
    __rt_entry_postsh_1                      0x080001af   Thumb Code     0  __rtentry2.o(.ARM.Collect$$rtentry$$00000009)
    __rt_entry_main                          0x080001b3   Thumb Code     0  __rtentry2.o(.ARM.Collect$$rtentry$$0000000D)
    __rt_entry_postli_1                      0x080001b3   Thumb Code     0  __rtentry2.o(.ARM.Collect$$rtentry$$0000000C)
    __rt_exit                                0x080001bb   Thumb Code     0  rtexit.o(.ARM.Collect$$rtexit$$00000000)
    __rt_exit_ls                             0x080001bd   Thumb Code     0  rtexit2.o(.ARM.Collect$$rtexit$$00000003)
    __rt_exit_prels_1                        0x080001bd   Thumb Code     0  rtexit2.o(.ARM.Collect$$rtexit$$00000002)
    __rt_exit_exit                           0x080001c1   Thumb Code     0  rtexit2.o(.ARM.Collect$$rtexit$$00000004)
    Reset_Handler                            0x080001c9   Thumb Code     8  startup_stm32f10x_md.o(.text)
    NMI_Handler                              0x080001d1   Thumb Code     2  startup_stm32f10x_md.o(.text)
    HardFault_Handler                        0x080001d3   Thumb Code     2  startup_stm32f10x_md.o(.text)
    MemManage_Handler                        0x080001d5   Thumb Code     2  startup_stm32f10x_md.o(.text)
    BusFault_Handler                         0x080001d7   Thumb Code     2  startup_stm32f10x_md.o(.text)
    UsageFault_Handler                       0x080001d9   Thumb Code     2  startup_stm32f10x_md.o(.text)
    SVC_Handler                              0x080001db   Thumb Code     2  startup_stm32f10x_md.o(.text)
    DebugMon_Handler                         0x080001dd   Thumb Code     2  startup_stm32f10x_md.o(.text)
    PendSV_Handler                           0x080001df   Thumb Code     2  startup_stm32f10x_md.o(.text)
    ADC1_2_IRQHandler                        0x080001e3   Thumb Code     0  startup_stm32f10x_md.o(.text)
    CAN1_RX1_IRQHandler                      0x080001e3   Thumb Code     0  startup_stm32f10x_md.o(.text)
    CAN1_SCE_IRQHandler                      0x080001e3   Thumb Code     0  startup_stm32f10x_md.o(.text)
    DMA1_Channel1_IRQHandler                 0x080001e3   Thumb Code     0  startup_stm32f10x_md.o(.text)
    DMA1_Channel2_IRQHandler                 0x080001e3   Thumb Code     0  startup_stm32f10x_md.o(.text)
    DMA1_Channel3_IRQHandler                 0x080001e3   Thumb Code     0  startup_stm32f10x_md.o(.text)
    DMA1_Channel4_IRQHandler                 0x080001e3   Thumb Code     0  startup_stm32f10x_md.o(.text)
    DMA1_Channel5_IRQHandler                 0x080001e3   Thumb Code     0  startup_stm32f10x_md.o(.text)
    DMA1_Channel6_IRQHandler                 0x080001e3   Thumb Code     0  startup_stm32f10x_md.o(.text)
    DMA1_Channel7_IRQHandler                 0x080001e3   Thumb Code     0  startup_stm32f10x_md.o(.text)
    EXTI0_IRQHandler                         0x080001e3   Thumb Code     0  startup_stm32f10x_md.o(.text)
    EXTI15_10_IRQHandler                     0x080001e3   Thumb Code     0  startup_stm32f10x_md.o(.text)
    EXTI1_IRQHandler                         0x080001e3   Thumb Code     0  startup_stm32f10x_md.o(.text)
    EXTI2_IRQHandler                         0x080001e3   Thumb Code     0  startup_stm32f10x_md.o(.text)
    EXTI3_IRQHandler                         0x080001e3   Thumb Code     0  startup_stm32f10x_md.o(.text)
    EXTI4_IRQHandler                         0x080001e3   Thumb Code     0  startup_stm32f10x_md.o(.text)
    EXTI9_5_IRQHandler                       0x080001e3   Thumb Code     0  startup_stm32f10x_md.o(.text)
    FLASH_IRQHandler                         0x080001e3   Thumb Code     0  startup_stm32f10x_md.o(.text)
    I2C1_ER_IRQHandler                       0x080001e3   Thumb Code     0  startup_stm32f10x_md.o(.text)
    I2C1_EV_IRQHandler                       0x080001e3   Thumb Code     0  startup_stm32f10x_md.o(.text)
    I2C2_ER_IRQHandler                       0x080001e3   Thumb Code     0  startup_stm32f10x_md.o(.text)
    I2C2_EV_IRQHandler                       0x080001e3   Thumb Code     0  startup_stm32f10x_md.o(.text)
    PVD_IRQHandler                           0x080001e3   Thumb Code     0  startup_stm32f10x_md.o(.text)
    RCC_IRQHandler                           0x080001e3   Thumb Code     0  startup_stm32f10x_md.o(.text)
    RTCAlarm_IRQHandler                      0x080001e3   Thumb Code     0  startup_stm32f10x_md.o(.text)
    RTC_IRQHandler                           0x080001e3   Thumb Code     0  startup_stm32f10x_md.o(.text)
    SPI1_IRQHandler                          0x080001e3   Thumb Code     0  startup_stm32f10x_md.o(.text)
    SPI2_IRQHandler                          0x080001e3   Thumb Code     0  startup_stm32f10x_md.o(.text)
    TAMPER_IRQHandler                        0x080001e3   Thumb Code     0  startup_stm32f10x_md.o(.text)
    TIM1_BRK_IRQHandler                      0x080001e3   Thumb Code     0  startup_stm32f10x_md.o(.text)
    TIM1_CC_IRQHandler                       0x080001e3   Thumb Code     0  startup_stm32f10x_md.o(.text)
    TIM1_TRG_COM_IRQHandler                  0x080001e3   Thumb Code     0  startup_stm32f10x_md.o(.text)
    TIM1_UP_IRQHandler                       0x080001e3   Thumb Code     0  startup_stm32f10x_md.o(.text)
    TIM2_IRQHandler                          0x080001e3   Thumb Code     0  startup_stm32f10x_md.o(.text)
    USART1_IRQHandler                        0x080001e3   Thumb Code     0  startup_stm32f10x_md.o(.text)
    USART2_IRQHandler                        0x080001e3   Thumb Code     0  startup_stm32f10x_md.o(.text)
    USART3_IRQHandler                        0x080001e3   Thumb Code     0  startup_stm32f10x_md.o(.text)
    USBWakeUp_IRQHandler                     0x080001e3   Thumb Code     0  startup_stm32f10x_md.o(.text)
    USB_HP_CAN1_TX_IRQHandler                0x080001e3   Thumb Code     0  startup_stm32f10x_md.o(.text)
    USB_LP_CAN1_RX0_IRQHandler               0x080001e3   Thumb Code     0  startup_stm32f10x_md.o(.text)
    WWDG_IRQHandler                          0x080001e3   Thumb Code     0  startup_stm32f10x_md.o(.text)
    __user_initial_stackheap                 0x080001e5   Thumb Code     0  startup_stm32f10x_md.o(.text)
    __use_two_region_memory                  0x08000209   Thumb Code     2  heapauxi.o(.text)
    __rt_heap_escrow$2region                 0x0800020b   Thumb Code     2  heapauxi.o(.text)
    __rt_heap_expand$2region                 0x0800020d   Thumb Code     2  heapauxi.o(.text)
    __user_setup_stackheap                   0x0800020f   Thumb Code    74  sys_stackheap_outer.o(.text)
    exit                                     0x08000259   Thumb Code    18  exit.o(.text)
    __user_libspace                          0x0800026d   Thumb Code     8  libspace.o(.text)
    __user_perproc_libspace                  0x0800026d   Thumb Code     0  libspace.o(.text)
    __user_perthread_libspace                0x0800026d   Thumb Code     0  libspace.o(.text)
    _sys_exit                                0x08000275   Thumb Code     8  sys_exit.o(.text)
    __I$use$semihosting                      0x08000281   Thumb Code     0  use_no_semi.o(.text)
    __use_no_semihosting_swi                 0x08000281   Thumb Code     2  use_no_semi.o(.text)
    __semihosting_library_function           0x08000283   Thumb Code     0  indicate_semi.o(.text)
    DelayMicro                               0x08000285   Thumb Code    48  delay.o(.text.DelayMicro)
    GPIO_EnablePinInput                      0x080002b5   Thumb Code   130  gpio.o(.text.GPIO_EnablePinInput)
    GPIO_EnablePinOutput                     0x08000339   Thumb Code   126  gpio.o(.text.GPIO_EnablePinOutput)
    GPIO_Init                                0x080003b9   Thumb Code   144  gpio.o(.text.GPIO_Init)
    I2C_Init                                 0x08000449   Thumb Code   206  i2c.o(.text.I2C_Init)
    OLED_Clear                               0x08000519   Thumb Code   206  ssd1306.o(.text.OLED_Clear)
    OLED_Init                                0x080005e9   Thumb Code   132  ssd1306.o(.text.OLED_Init)
    OLED_Reset                               0x0800066d   Thumb Code   106  ssd1306.o(.text.OLED_Reset)
    OLED_SendByte                            0x080006d9   Thumb Code   228  ssd1306.o(.text.OLED_SendByte)
    OLED_UpdateScreen                        0x080007bd   Thumb Code   576  ssd1306.o(.text.OLED_UpdateScreen)
    OLED_WriteInTimePanel                    0x080009fd   Thumb Code   128  ssd1306.o(.text.OLED_WriteInTimePanel)
    OLED_WriteTime                           0x08000a7d   Thumb Code   586  ssd1306.o(.text.OLED_WriteTime)
    SysTick_Handler                          0x08000e49   Thumb Code    16  delay.o(.text.SysTick_Handler)
    SystemCoreClockConfigure                 0x08000e59   Thumb Code   212  main.o(.text.SystemCoreClockConfigure)
    SystemCoreClockUpdate                    0x08000f2d   Thumb Code   290  system_stm32f10x.o(.text.SystemCoreClockUpdate)
    SystemInit                               0x08001051   Thumb Code   102  system_stm32f10x.o(.text.SystemInit)
    TIM3_IRQHandler                          0x080010b9   Thumb Code   236  main.o(.text.TIM3_IRQHandler)
    TIM3_Init                                0x080011a5   Thumb Code   114  timers.o(.text.TIM3_Init)
    TIM4_IRQHandler                          0x08001219   Thumb Code    50  main.o(.text.TIM4_IRQHandler)
    TIM4_Init                                0x0800124d   Thumb Code   110  timers.o(.text.TIM4_Init)
    addTime                                  0x08001331   Thumb Code   624  main.o(.text.addTime)
    main                                     0x080015a1   Thumb Code   852  main.o(.text.main)
    switchPin                                0x080018f5   Thumb Code    76  main.o(.text.switchPin)
    updateScreen                             0x08001941   Thumb Code   136  main.o(.text.updateScreen)
    AHBPrescTable                            0x080019c8   Data          16  system_stm32f10x.o(.rodata.AHBPrescTable)
    Region$$Table$$Base                      0x080019d8   Number         0  anon$$obj.o(Region$$Table)
    Region$$Table$$Limit                     0x080019f8   Number         0  anon$$obj.o(Region$$Table)
    BUTTON_1_PIN                             0x20000000   Data           1  main.o(.data.BUTTON_1_PIN)
    BUTTON_2_PIN                             0x20000001   Data           1  main.o(.data.BUTTON_2_PIN)
    BUTTON_3_PIN                             0x20000002   Data           1  main.o(.data.BUTTON_3_PIN)
    BUTTON_4_PIN                             0x20000003   Data           1  main.o(.data.BUTTON_4_PIN)
    LED_PIN                                  0x20000004   Data           1  main.o(.data.LED_PIN)
    NUMBERS                                  0x20000005   Data         150  ssd1306.o(.data.NUMBERS)
    SET_ALARM_MESSAGE                        0x2000009b   Data          65  ssd1306.o(.data.SET_ALARM_MESSAGE)
    SET_TIME_MESSAGE                         0x200000dc   Data          63  ssd1306.o(.data.SET_TIME_MESSAGE)
    SystemCoreClock                          0x2000011c   Data           4  system_stm32f10x.o(.data.SystemCoreClock)
    timePanel                                0x20000120   Data          80  ssd1306.o(.data.timePanel)
    __libspace_start                         0x20000170   Data          96  libspace.o(.bss)
    __temporary_stack_top$libspace           0x200001d0   Data           0  libspace.o(.bss)
    alarmSet                                 0x200001d0   Data           1  main.o(.bss.alarmSet)
    alarmTime                                0x200001d1   Data           4  main.o(.bss.alarmTime)
    buzzer                                   0x200001d5   Data           1  main.o(.bss.buzzer)
    clockTime                                0x200001d6   Data           4  main.o(.bss.clockTime)
    highlightButton                          0x200001da   Data           6  main.o(.bss.highlightButton)
    highlightPanel                           0x200001e0   Data         128  ssd1306.o(.bss.highlightPanel)
    highlightedNumber                        0x20000260   Data           1  main.o(.bss.highlightedNumber)
    incNumberButton                          0x20000262   Data           6  main.o(.bss.incNumberButton)
    mode                                     0x20000268   Data           1  main.o(.bss.mode)
    modeButton                               0x2000026a   Data           6  main.o(.bss.modeButton)
    modePanel                                0x20000270   Data         128  ssd1306.o(.bss.modePanel)
    msTicks                                  0x200002f0   Data           4  delay.o(.bss.msTicks)
    stopAlarmButton                          0x200002f4   Data           6  main.o(.bss.stopAlarmButton)
    totalSeconds                             0x200002fc   Data           4  main.o(.bss.totalSeconds)



==============================================================================

Memory Map of the image

  Image Entry point : 0x080001c9

  Load Region LR_1 (Base: 0x08000000, Size: 0x00001b68, Max: 0xffffffff, ABSOLUTE, COMPRESSED[0x00001a74])

    Execution Region ER_RO (Exec base: 0x08000000, Load base: 0x08000000, Size: 0x000019f8, Max: 0xffffffff, ABSOLUTE)

    Exec Addr    Load Addr    Size         Type   Attr      Idx    E Section Name        Object

    0x08000000   0x08000000   0x000000ec   Data   RO          163    RESET               startup_stm32f10x_md.o
    0x080000ec   0x080000ec   0x00000008   Code   RO          191  * !!!main             c_w.l(__main.o)
    0x080000f4   0x080000f4   0x00000034   Code   RO          358    !!!scatter          c_w.l(__scatter.o)
    0x08000128   0x08000128   0x0000005a   Code   RO          356    !!dczerorl2         c_w.l(__dczerorl2.o)
    0x08000182   0x08000182   0x00000002   PAD
    0x08000184   0x08000184   0x0000001c   Code   RO          360    !!handler_zi        c_w.l(__scatter_zi.o)
    0x080001a0   0x080001a0   0x00000002   Code   RO          218    .ARM.Collect$$libinit$$00000000  c_w.l(libinit.o)
    0x080001a2   0x080001a2   0x00000000   Code   RO          225    .ARM.Collect$$libinit$$00000002  c_w.l(libinit2.o)
    0x080001a2   0x080001a2   0x00000000   Code   RO          227    .ARM.Collect$$libinit$$00000004  c_w.l(libinit2.o)
    0x080001a2   0x080001a2   0x00000000   Code   RO          229    .ARM.Collect$$libinit$$00000006  c_w.l(libinit2.o)
    0x080001a2   0x080001a2   0x00000000   Code   RO          232    .ARM.Collect$$libinit$$0000000C  c_w.l(libinit2.o)
    0x080001a2   0x080001a2   0x00000000   Code   RO          234    .ARM.Collect$$libinit$$0000000E  c_w.l(libinit2.o)
    0x080001a2   0x080001a2   0x00000000   Code   RO          236    .ARM.Collect$$libinit$$00000010  c_w.l(libinit2.o)
    0x080001a2   0x080001a2   0x00000000   Code   RO          239    .ARM.Collect$$libinit$$00000013  c_w.l(libinit2.o)
    0x080001a2   0x080001a2   0x00000000   Code   RO          241    .ARM.Collect$$libinit$$00000015  c_w.l(libinit2.o)
    0x080001a2   0x080001a2   0x00000000   Code   RO          243    .ARM.Collect$$libinit$$00000017  c_w.l(libinit2.o)
    0x080001a2   0x080001a2   0x00000000   Code   RO          245    .ARM.Collect$$libinit$$00000019  c_w.l(libinit2.o)
    0x080001a2   0x080001a2   0x00000000   Code   RO          247    .ARM.Collect$$libinit$$0000001B  c_w.l(libinit2.o)
    0x080001a2   0x080001a2   0x00000000   Code   RO          249    .ARM.Collect$$libinit$$0000001D  c_w.l(libinit2.o)
    0x080001a2   0x080001a2   0x00000000   Code   RO          251    .ARM.Collect$$libinit$$0000001F  c_w.l(libinit2.o)
    0x080001a2   0x080001a2   0x00000000   Code   RO          253    .ARM.Collect$$libinit$$00000021  c_w.l(libinit2.o)
    0x080001a2   0x080001a2   0x00000000   Code   RO          255    .ARM.Collect$$libinit$$00000023  c_w.l(libinit2.o)
    0x080001a2   0x080001a2   0x00000000   Code   RO          257    .ARM.Collect$$libinit$$00000025  c_w.l(libinit2.o)
    0x080001a2   0x080001a2   0x00000000   Code   RO          259    .ARM.Collect$$libinit$$00000027  c_w.l(libinit2.o)
    0x080001a2   0x080001a2   0x00000000   Code   RO          263    .ARM.Collect$$libinit$$0000002E  c_w.l(libinit2.o)
    0x080001a2   0x080001a2   0x00000000   Code   RO          265    .ARM.Collect$$libinit$$00000030  c_w.l(libinit2.o)
    0x080001a2   0x080001a2   0x00000000   Code   RO          267    .ARM.Collect$$libinit$$00000032  c_w.l(libinit2.o)
    0x080001a2   0x080001a2   0x00000000   Code   RO          269    .ARM.Collect$$libinit$$00000034  c_w.l(libinit2.o)
    0x080001a2   0x080001a2   0x00000002   Code   RO          270    .ARM.Collect$$libinit$$00000035  c_w.l(libinit2.o)
    0x080001a4   0x080001a4   0x00000002   Code   RO          292    .ARM.Collect$$libshutdown$$00000000  c_w.l(libshutdown.o)
    0x080001a6   0x080001a6   0x00000000   Code   RO          307    .ARM.Collect$$libshutdown$$00000002  c_w.l(libshutdown2.o)
    0x080001a6   0x080001a6   0x00000000   Code   RO          309    .ARM.Collect$$libshutdown$$00000004  c_w.l(libshutdown2.o)
    0x080001a6   0x080001a6   0x00000000   Code   RO          312    .ARM.Collect$$libshutdown$$00000007  c_w.l(libshutdown2.o)
    0x080001a6   0x080001a6   0x00000000   Code   RO          315    .ARM.Collect$$libshutdown$$0000000A  c_w.l(libshutdown2.o)
    0x080001a6   0x080001a6   0x00000000   Code   RO          317    .ARM.Collect$$libshutdown$$0000000C  c_w.l(libshutdown2.o)
    0x080001a6   0x080001a6   0x00000000   Code   RO          320    .ARM.Collect$$libshutdown$$0000000F  c_w.l(libshutdown2.o)
    0x080001a6   0x080001a6   0x00000002   Code   RO          321    .ARM.Collect$$libshutdown$$00000010  c_w.l(libshutdown2.o)
    0x080001a8   0x080001a8   0x00000000   Code   RO          193    .ARM.Collect$$rtentry$$00000000  c_w.l(__rtentry.o)
    0x080001a8   0x080001a8   0x00000000   Code   RO          195    .ARM.Collect$$rtentry$$00000002  c_w.l(__rtentry2.o)
    0x080001a8   0x080001a8   0x00000006   Code   RO          207    .ARM.Collect$$rtentry$$00000004  c_w.l(__rtentry4.o)
    0x080001ae   0x080001ae   0x00000000   Code   RO          197    .ARM.Collect$$rtentry$$00000009  c_w.l(__rtentry2.o)
    0x080001ae   0x080001ae   0x00000004   Code   RO          198    .ARM.Collect$$rtentry$$0000000A  c_w.l(__rtentry2.o)
    0x080001b2   0x080001b2   0x00000000   Code   RO          200    .ARM.Collect$$rtentry$$0000000C  c_w.l(__rtentry2.o)
    0x080001b2   0x080001b2   0x00000008   Code   RO          201    .ARM.Collect$$rtentry$$0000000D  c_w.l(__rtentry2.o)
    0x080001ba   0x080001ba   0x00000002   Code   RO          222    .ARM.Collect$$rtexit$$00000000  c_w.l(rtexit.o)
    0x080001bc   0x080001bc   0x00000000   Code   RO          272    .ARM.Collect$$rtexit$$00000002  c_w.l(rtexit2.o)
    0x080001bc   0x080001bc   0x00000004   Code   RO          273    .ARM.Collect$$rtexit$$00000003  c_w.l(rtexit2.o)
    0x080001c0   0x080001c0   0x00000006   Code   RO          274    .ARM.Collect$$rtexit$$00000004  c_w.l(rtexit2.o)
    0x080001c6   0x080001c6   0x00000002   PAD
    0x080001c8   0x080001c8   0x00000040   Code   RO          164  * .text               startup_stm32f10x_md.o
    0x08000208   0x08000208   0x00000006   Code   RO          189    .text               c_w.l(heapauxi.o)
    0x0800020e   0x0800020e   0x0000004a   Code   RO          209    .text               c_w.l(sys_stackheap_outer.o)
    0x08000258   0x08000258   0x00000012   Code   RO          211    .text               c_w.l(exit.o)
    0x0800026a   0x0800026a   0x00000002   PAD
    0x0800026c   0x0800026c   0x00000008   Code   RO          219    .text               c_w.l(libspace.o)
    0x08000274   0x08000274   0x0000000c   Code   RO          282    .text               c_w.l(sys_exit.o)
    0x08000280   0x08000280   0x00000002   Code   RO          297    .text               c_w.l(use_no_semi.o)
    0x08000282   0x08000282   0x00000000   Code   RO          299    .text               c_w.l(indicate_semi.o)
    0x08000282   0x08000282   0x00000002   PAD
    0x08000284   0x08000284   0x00000030   Code   RO          117    .text.DelayMicro    delay.o
    0x080002b4   0x080002b4   0x00000082   Code   RO           53    .text.GPIO_EnablePinInput  gpio.o
    0x08000336   0x08000336   0x00000002   PAD
    0x08000338   0x08000338   0x0000007e   Code   RO           55    .text.GPIO_EnablePinOutput  gpio.o
    0x080003b6   0x080003b6   0x00000002   PAD
    0x080003b8   0x080003b8   0x00000090   Code   RO           57    .text.GPIO_Init     gpio.o
    0x08000448   0x08000448   0x000000ce   Code   RO          107    .text.I2C_Init      i2c.o
    0x08000516   0x08000516   0x00000002   PAD
    0x08000518   0x08000518   0x000000ce   Code   RO           83    .text.OLED_Clear    ssd1306.o
    0x080005e6   0x080005e6   0x00000002   PAD
    0x080005e8   0x080005e8   0x00000084   Code   RO           85    .text.OLED_Init     ssd1306.o
    0x0800066c   0x0800066c   0x0000006a   Code   RO           81    .text.OLED_Reset    ssd1306.o
    0x080006d6   0x080006d6   0x00000002   PAD
    0x080006d8   0x080006d8   0x000000e4   Code   RO           79    .text.OLED_SendByte  ssd1306.o
    0x080007bc   0x080007bc   0x00000240   Code   RO           87    .text.OLED_UpdateScreen  ssd1306.o
    0x080009fc   0x080009fc   0x00000080   Code   RO           89    .text.OLED_WriteInTimePanel  ssd1306.o
    0x08000a7c   0x08000a7c   0x0000024a   Code   RO           91    .text.OLED_WriteTime  ssd1306.o
    0x08000cc6   0x08000cc6   0x00000002   PAD
    0x08000cc8   0x08000cc8   0x00000008   Code   RO          173    .text.SetSysClock   system_stm32f10x.o
    0x08000cd0   0x08000cd0   0x00000122   Code   RO          177    .text.SetSysClockTo72  system_stm32f10x.o
    0x08000df2   0x08000df2   0x00000002   PAD
    0x08000df4   0x08000df4   0x00000052   Code   RO           16    .text.SysTick_Config  main.o
    0x08000e46   0x08000e46   0x00000002   PAD
    0x08000e48   0x08000e48   0x00000010   Code   RO          115    .text.SysTick_Handler  delay.o
    0x08000e58   0x08000e58   0x000000d4   Code   RO            2    .text.SystemCoreClockConfigure  main.o
    0x08000f2c   0x08000f2c   0x00000122   Code   RO          175    .text.SystemCoreClockUpdate  system_stm32f10x.o
    0x0800104e   0x0800104e   0x00000002   PAD
    0x08001050   0x08001050   0x00000066   Code   RO          171    .text.SystemInit    system_stm32f10x.o
    0x080010b6   0x080010b6   0x00000002   PAD
    0x080010b8   0x080010b8   0x000000ec   Code   RO            6    .text.TIM3_IRQHandler  main.o
    0x080011a4   0x080011a4   0x00000072   Code   RO           66    .text.TIM3_Init     timers.o
    0x08001216   0x08001216   0x00000002   PAD
    0x08001218   0x08001218   0x00000032   Code   RO           10    .text.TIM4_IRQHandler  main.o
    0x0800124a   0x0800124a   0x00000002   PAD
    0x0800124c   0x0800124c   0x0000006e   Code   RO           70    .text.TIM4_Init     timers.o
    0x080012ba   0x080012ba   0x00000002   PAD
    0x080012bc   0x080012bc   0x00000030   Code   RO           68    .text.__NVIC_EnableIRQ  timers.o
    0x080012ec   0x080012ec   0x00000042   Code   RO           18    .text.__NVIC_SetPriority  main.o
    0x0800132e   0x0800132e   0x00000002   PAD
    0x08001330   0x08001330   0x00000270   Code   RO           12    .text.addTime       main.o
    0x080015a0   0x080015a0   0x00000354   Code   RO           14    .text.main          main.o
    0x080018f4   0x080018f4   0x0000004c   Code   RO            8    .text.switchPin     main.o
    0x08001940   0x08001940   0x00000088   Code   RO            4    .text.updateScreen  main.o
    0x080019c8   0x080019c8   0x00000010   Data   RO          180    .rodata.AHBPrescTable  system_stm32f10x.o
    0x080019d8   0x080019d8   0x00000020   Data   RO          355    Region$$Table       anon$$obj.o


    Execution Region ER_RW (Exec base: 0x20000000, Load base: 0x080019f8, Size: 0x00000170, Max: 0xffffffff, ABSOLUTE, COMPRESSED[0x0000007c])

    Exec Addr    Load Addr    Size         Type   Attr      Idx    E Section Name        Object

    0x20000000   COMPRESSED   0x00000001   Data   RW           21    .data.BUTTON_1_PIN  main.o
    0x20000001   COMPRESSED   0x00000001   Data   RW           22    .data.BUTTON_2_PIN  main.o
    0x20000002   COMPRESSED   0x00000001   Data   RW           23    .data.BUTTON_3_PIN  main.o
    0x20000003   COMPRESSED   0x00000001   Data   RW           24    .data.BUTTON_4_PIN  main.o
    0x20000004   COMPRESSED   0x00000001   Data   RW           20    .data.LED_PIN       main.o
    0x20000005   COMPRESSED   0x00000096   Data   RW           96    .data.NUMBERS       ssd1306.o
    0x2000009b   COMPRESSED   0x00000041   Data   RW           94    .data.SET_ALARM_MESSAGE  ssd1306.o
    0x200000dc   COMPRESSED   0x0000003f   Data   RW           93    .data.SET_TIME_MESSAGE  ssd1306.o
    0x2000011b   COMPRESSED   0x00000001   PAD
    0x2000011c   COMPRESSED   0x00000004   Data   RW          179    .data.SystemCoreClock  system_stm32f10x.o
    0x20000120   COMPRESSED   0x00000050   Data   RW           99    .data.timePanel     ssd1306.o


    Execution Region ER_ZI (Exec base: 0x20000170, Load base: 0x08001a74, Size: 0x00000790, Max: 0xffffffff, ABSOLUTE)

    Exec Addr    Load Addr    Size         Type   Attr      Idx    E Section Name        Object

    0x20000170        -       0x00000060   Zero   RW          220    .bss                c_w.l(libspace.o)
    0x200001d0        -       0x00000001   Zero   RW           35    .bss.alarmSet       main.o
    0x200001d1        -       0x00000004   Zero   RW           26    .bss.alarmTime      main.o
    0x200001d5        -       0x00000001   Zero   RW           30    .bss.buzzer         main.o
    0x200001d6        -       0x00000004   Zero   RW           28    .bss.clockTime      main.o
    0x200001da        -       0x00000006   Zero   RW           32    .bss.highlightButton  main.o
    0x200001e0        -       0x00000080   Zero   RW           98    .bss.highlightPanel  ssd1306.o
    0x20000260        -       0x00000001   Zero   RW           27    .bss.highlightedNumber  main.o
    0x20000261   0x08001a74   0x00000001   PAD
    0x20000262        -       0x00000006   Zero   RW           33    .bss.incNumberButton  main.o
    0x20000268        -       0x00000001   Zero   RW           25    .bss.mode           main.o
    0x20000269   0x08001a74   0x00000001   PAD
    0x2000026a        -       0x00000006   Zero   RW           31    .bss.modeButton     main.o
    0x20000270        -       0x00000080   Zero   RW           97    .bss.modePanel      ssd1306.o
    0x200002f0        -       0x00000004   Zero   RW          119    .bss.msTicks        delay.o
    0x200002f4        -       0x00000006   Zero   RW           34    .bss.stopAlarmButton  main.o
    0x200002fa   0x08001a74   0x00000002   PAD
    0x200002fc        -       0x00000004   Zero   RW           29    .bss.totalSeconds   main.o
    0x20000300        -       0x00000200   Zero   RW          162    HEAP                startup_stm32f10x_md.o
    0x20000500        -       0x00000400   Zero   RW          161    STACK               startup_stm32f10x_md.o


==============================================================================

Image component sizes


      Code (inc. data)   RO Data    RW Data    ZI Data      Debug   Object Name

        64          0          0          0          4        728   delay.o
       400          0          0          0          0       1587   gpio.o
       206          0          0          0          0       1726   i2c.o
      2334          0          0          5         40       6959   main.o
      1962          0          0        358        256       3898   ssd1306.o
        64         26        236          0       1536        836   startup_stm32f10x_md.o
       690          0         16          4          0       2863   system_stm32f10x.o
       272          0          0          0          0       3719   timers.o

    ----------------------------------------------------------------------
      6020         26        284        368       1840      22316   Object Totals
         0          0         32          0          0          0   (incl. Generated)
        28          0          0          1          4          0   (incl. Padding)

    ----------------------------------------------------------------------

      Code (inc. data)   RO Data    RW Data    ZI Data      Debug   Library Member Name

        90          0          0          0          0          0   __dczerorl2.o
         8          0          0          0          0         68   __main.o
         0          0          0          0          0          0   __rtentry.o
        12          0          0          0          0          0   __rtentry2.o
         6          0          0          0          0          0   __rtentry4.o
        52          8          0          0          0          0   __scatter.o
        28          0          0          0          0          0   __scatter_zi.o
        18          0          0          0          0         80   exit.o
         6          0          0          0          0        152   heapauxi.o
         0          0          0          0          0          0   indicate_semi.o
         2          0          0          0          0          0   libinit.o
         2          0          0          0          0          0   libinit2.o
         2          0          0          0          0          0   libshutdown.o
         2          0          0          0          0          0   libshutdown2.o
         8          4          0          0         96         68   libspace.o
         2          0          0          0          0          0   rtexit.o
        10          0          0          0          0          0   rtexit2.o
        12          4          0          0          0         68   sys_exit.o
        74          0          0          0          0         80   sys_stackheap_outer.o
         2          0          0          0          0         68   use_no_semi.o

    ----------------------------------------------------------------------
       344         16          0          0         96        584   Library Totals
         8          0          0          0          0          0   (incl. Padding)

    ----------------------------------------------------------------------

      Code (inc. data)   RO Data    RW Data    ZI Data      Debug   Library Name

       336         16          0          0         96        584   c_w.l

    ----------------------------------------------------------------------
       344         16          0          0         96        584   Library Totals

    ----------------------------------------------------------------------

==============================================================================


      Code (inc. data)   RO Data    RW Data    ZI Data      Debug   

      6364         42        284        368       1936      22672   Grand Totals
      6364         42        284        124       1936      22672   ELF Image Totals (compressed)
      6364         42        284        124          0          0   ROM Totals

==============================================================================

    Total RO  Size (Code + RO Data)                 6648 (   6.49kB)
    Total RW  Size (RW Data + ZI Data)              2304 (   2.25kB)
    Total ROM Size (Code + RO Data + RW Data)       6772 (   6.61kB)

==============================================================================

